Flutter crash report.
Please report a bug at https://github.com/flutter/flutter/issues.

## command

flutter analyze lib/models/wish_list_item.dart lib/services/wish_list_service.dart lib/features/wish_list lib/features/home/pages/home_page.dart lib/features/plants/widgets/sheets/add_plant_sheet.dart lib/core/theme/screens/app_screen_themes.dart

## exception

_Exception: Exception: analysis server exited with code -1073740791 and output:
[stdout] {"event":"server.connected","params":{"version":"1.40.1","pid":26948}}
[stdout] {"id":"1"}
[stdout] {"event":"server.status","params":{"analysis":{"isAnalyzing":true}}}
[stderr] ../../runtime/vm/zone.cc: 96: error: Out of memory.
[stderr] version=3.11.5 (stable) (Wed Apr 15 00:36:32 2026 -0700) on "windows_x64"
[stderr] pid=26948, thread=21872, isolate_group=main(000001FC082464C0), isolate=(nil)(0000000000000000)
[stderr] os=windows, arch=x64, comp=no, sim=no
[stderr] isolate_instructions=1fc0b940000, vm_instructions=7ff69f4f8400
[stderr] fp=da5a3fb7f0, sp=da5a3fb7a8, pc=7ff69f7dcca3
[stderr]   pc 0x00007ff69f7dcca3 fp 0x000000da5a3fb7f0 Dart_DetectNullSafety+0x2dc1c3
[stderr] -- End of DumpStackTrace
[stderr] === Crash occurred when compiling dart:core_RegExp_[ ]*{@template\s+(.+?)}([\s\S]+?){@endtemplate}[ ]*\n? in optimizing JIT mode in ComputeSSA pass
[stderr] ../../runtime/vm/zone.cc: 96: error: Out of memory.
[stderr] Aborting reentrant request for stack trace.

```
```

## flutter doctor

```
[✓] Flutter (Channel stable, 3.41.9, on Microsoft Windows [Version 10.0.26200.8875], locale ru-BY) [477ms]
    • Flutter version 3.41.9 on channel stable at C:\Users\helga\develop\flutter
    • Upstream repository https://github.com/flutter/flutter.git
    • Framework revision 00b0c91f06 (3 months ago), 2026-04-29 10:03:19 -0700
    • Engine revision 42d3d75a56
    • Dart version 3.11.5
    • DevTools version 2.54.2
    • Feature flags: enable-web, enable-linux-desktop, enable-macos-desktop, enable-windows-desktop, enable-android, enable-ios, cli-animations, enable-native-assets, omit-legacy-version-file, enable-lldb-debugging, enable-uiscene-migration

[✓] Windows Version (Њ ©Єа®б®дв Windows 11 Pro 64-bit, 25H2, 2009) [4,0s]

[✓] Android toolchain - develop for Android devices (Android SDK version 36.1.0) [6,4s]
    • Android SDK at C:\Users\helga\AppData\Local\Android\sdk
    • Emulator version 36.5.11.0 (build_id 15261927) (CL:N/A)
    • Platform android-36.1, build-tools 36.1.0
    • Java binary at: C:\Program Files\Android\Android Studio\jbr\bin\java
      This is the JDK bundled with the latest Android Studio installation on this machine.
      To manually set the JDK path, use: `flutter config --jdk-dir="path/to/jdk"`.
    • Java version OpenJDK Runtime Environment (build 21.0.10+-14961533-b1163.108)
    • All Android licenses accepted.

[✓] Chrome - develop for the web [156ms]
    • Chrome at C:\Users\helga\AppData\Local\Google\Chrome\Application\chrome.exe

[✓] Visual Studio - develop Windows apps (Visual Studio Community 2026 18.7.4) [154ms]
    • Visual Studio at C:\Program Files\Microsoft Visual Studio\18\Community
    • Visual Studio Community 2026 version 18.7.12002.237
    • Windows 10 SDK version 10.0.26100.0

[✓] Connected device (4 available) [817ms]
    • V2419A (mobile)   • 10AF3S0PXY004Y6 • android-arm64  • Android 16 (API 36)
    • Windows (desktop) • windows         • windows-x64    • Microsoft Windows [Version 10.0.26200.8875]
    • Chrome (web)      • chrome          • web-javascript • Google Chrome 151.0.7922.72
    • Edge (web)        • edge            • web-javascript • Microsoft Edge 149.0.4022.80

[✓] Network resources [814ms]
    • All expected network resources are available.

• No issues found!
```
