#
# There is insufficient memory for the Java Runtime Environment to continue.
# Native memory allocation (mmap) failed to map 257949696 bytes. Error detail: G1 virtual space
# Possible reasons:
#   The system is out of physical RAM or swap space
#   This process is running with CompressedOops enabled, and the Java Heap may be blocking the growth of the native heap
# Possible solutions:
#   Reduce memory load on the system
#   Increase physical memory or swap space
#   Check if swap backing store is full
#   Decrease Java heap size (-Xmx/-Xms)
#   Decrease number of Java threads
#   Decrease Java thread stack sizes (-Xss)
#   Set larger code cache with -XX:ReservedCodeCacheSize=
#   JVM is running with Zero Based Compressed Oops mode in which the Java heap is
#     placed in the first 32GB address space. The Java Heap base address is the
#     maximum limit for the native heap growth. Please use -XX:HeapBaseMinAddress
#     to set the Java Heap base and to place the Java Heap above 32GB virtual address.
# This output file may be truncated or incomplete.
#
#  Out of Memory Error (os_windows.cpp:3926), pid=21116, tid=18608
#
# JRE version:  (21.0.10) (build )
# Java VM: OpenJDK 64-Bit Server VM (21.0.10+-14961533-b1163.108, mixed mode, sharing, tiered, compressed oops, compressed class ptrs, g1 gc, windows-amd64)
# No core dump will be written. Minidumps are not enabled by default on client versions of Windows
#

---------------  S U M M A R Y ------------

Command Line: 

Host: AMD Ryzen 7 5800H with Radeon Graphics         , 16 cores, 15G,  Windows 11 , 64 bit Build 26100 (10.0.26100.8875)
Time: Wed Aug  5 17:23:17 2026 elapsed time: 0.022245 seconds (0d 0h 0m 0s)

---------------  T H R E A D  ---------------

Current thread (0x000001f8d908def0):  JavaThread "Unknown thread" [_thread_in_vm, id=18608, stack(0x000000b6a1200000,0x000000b6a1300000) (1024K)]

Stack: [0x000000b6a1200000,0x000000b6a1300000]
Native frames: (J=compiled Java code, j=interpreted, Vv=VM code, C=native code)
V  [jvm.dll+0x6d78a9]
V  [jvm.dll+0x8665b3]
V  [jvm.dll+0x868bde]
V  [jvm.dll+0x8692c3]
V  [jvm.dll+0x280ee6]
V  [jvm.dll+0x6d4165]
V  [jvm.dll+0x6c77fa]
V  [jvm.dll+0x358f4b]
V  [jvm.dll+0x360bc6]
V  [jvm.dll+0x3b2ea6]
V  [jvm.dll+0x3b3178]
V  [jvm.dll+0x32b65c]
V  [jvm.dll+0x32c34b]
V  [jvm.dll+0x82f449]
V  [jvm.dll+0x3c0078]
V  [jvm.dll+0x8185e8]
V  [jvm.dll+0x45449e]
V  [jvm.dll+0x455c01]
C  [jli.dll+0x52ab]
C  [ucrtbase.dll+0x2cd30]
C  [KERNEL32.DLL+0x2e957]
C  [ntdll.dll+0xaad6c]


---------------  P R O C E S S  ---------------

Threads class SMR info:
_java_thread_list=0x00007ff821c9b9c8, length=0, elements={
}

Java Threads: ( => current thread )
Total: 0

Other Threads:
  0x000001f8db47d6a0 WorkerThread "GC Thread#0"                     [id=17888, stack(0x000000b6a1300000,0x000000b6a1400000) (1024K)]
  0x000001f8db490330 ConcurrentGCThread "G1 Main Marker"            [id=9348, stack(0x000000b6a1400000,0x000000b6a1500000) (1024K)]
  0x000001f8db492a30 WorkerThread "G1 Conc#0"                       [id=20036, stack(0x000000b6a1500000,0x000000b6a1600000) (1024K)]

[error occurred during error reporting (printing all threads), id 0xc0000005, EXCEPTION_ACCESS_VIOLATION (0xc0000005) at pc=0x00007ff82148e637]
VM state: not at safepoint (not fully initialized)

VM Mutex/Monitor currently owned by a thread:  ([mutex/lock_event])
[0x00007ff821d087d0] Heap_lock - owner thread: 0x000001f8d908def0

Heap address: 0x000000070a800000, size: 3928 MB, Compressed Oops mode: Zero based, Oop shift amount: 3

CDS archive(s) mapped at: [0x0000000000000000-0x0000000000000000-0x0000000000000000), size 0, SharedBaseAddress: 0x0000000800000000, ArchiveRelocationMode: 1.
Narrow klass base: 0x0000000000000000, Narrow klass shift: 0, Narrow klass range: 0x0

GC Precious Log:
 CardTable entry size: 512
 Card Set container configuration: InlinePtr #cards 4 size 8 Array Of Cards #cards 16 size 48 Howl #buckets 8 coarsen threshold 3686 Howl Bitmap #cards 512 size 80 coarsen threshold 460 Card regions per heap region 1 cards per card region 4096

Heap:
 garbage-first heap   total 0K, used 0K [0x000000070a800000, 0x0000000800000000)
  region size 2048K, 0 young (0K), 0 survivors (0K)
 Metaspace       used 0K, committed 0K, reserved 0K
  class space    used 0K, committed 0K, reserved 0K

Heap Regions: E=young(eden), S=young(survivor), O=old, HS=humongous(starts), HC=humongous(continues), CS=collection set, F=free, TAMS=top-at-mark-start, PB=parsable bottom

Card table byte_map: [0x000001f8ee5b0000,0x000001f8eed60000] _byte_map_base: 0x000001f8ead5c000

Marking Bits: (CMBitMap*) 0x000001f8db4804d0
 Bits: [0x000001f8eed60000, 0x000001f8f2ac0000)

GC Heap History (0 events):
No events

Dll operation events (1 events):
Event: 0.006 Loaded shared library C:\Program Files\Android\Android Studio\jbr\bin\java.dll

Deoptimization events (0 events):
No events

Classes loaded (0 events):
No events

Classes unloaded (0 events):
No events

Classes redefined (0 events):
No events

Internal exceptions (0 events):
No events

ZGC Phase Switch (0 events):
No events

VM Operations (0 events):
No events

Memory protections (0 events):
No events

Nmethod flushes (0 events):
No events

Events (0 events):
No events


Dynamic libraries:
0x00007ff617840000 - 0x00007ff61784a000 	C:\Program Files\Android\Android Studio\jbr\bin\java.EXE
0x00007ff8e3ee0000 - 0x00007ff8e4146000 	C:\WINDOWS\SYSTEM32\ntdll.dll
0x00007ff8e2bd0000 - 0x00007ff8e2c99000 	C:\WINDOWS\System32\KERNEL32.DLL
0x00007ff8e1530000 - 0x00007ff8e192e000 	C:\WINDOWS\System32\KERNELBASE.dll
0x00007ff8e19f0000 - 0x00007ff8e1b3c000 	C:\WINDOWS\System32\ucrtbase.dll
0x00007ff8bfe40000 - 0x00007ff8bfe5b000 	C:\Program Files\Android\Android Studio\jbr\bin\VCRUNTIME140.dll
0x00007ff8b3ec0000 - 0x00007ff8b3ed8000 	C:\Program Files\Android\Android Studio\jbr\bin\jli.dll
0x00007ff8e29d0000 - 0x00007ff8e2b97000 	C:\WINDOWS\System32\USER32.dll
0x00007ff8cd1b0000 - 0x00007ff8cd442000 	C:\WINDOWS\WinSxS\amd64_microsoft.windows.common-controls_6595b64144ccf1df_6.0.26100.8875_none_3e0d5d42e32fe9dd\COMCTL32.dll
0x00007ff8e1250000 - 0x00007ff8e1277000 	C:\WINDOWS\System32\win32u.dll
0x00007ff8e34c0000 - 0x00007ff8e3569000 	C:\WINDOWS\System32\msvcrt.dll
0x00007ff8e3ce0000 - 0x00007ff8e3d0b000 	C:\WINDOWS\System32\GDI32.dll
0x00007ff8e1400000 - 0x00007ff8e152a000 	C:\WINDOWS\System32\gdi32full.dll
0x00007ff8e1940000 - 0x00007ff8e19e3000 	C:\WINDOWS\System32\msvcp_win.dll
0x00007ff8e3e30000 - 0x00007ff8e3e62000 	C:\WINDOWS\System32\IMM32.DLL
0x00007ff8ddbd0000 - 0x00007ff8ddbdc000 	C:\Program Files\Android\Android Studio\jbr\bin\vcruntime140_1.dll
0x00007ff89fca0000 - 0x00007ff89fd2d000 	C:\Program Files\Android\Android Studio\jbr\bin\msvcp140.dll
0x00007ff821150000 - 0x00007ff821de6000 	C:\Program Files\Android\Android Studio\jbr\bin\server\jvm.dll
0x00007ff8e2530000 - 0x00007ff8e25e7000 	C:\WINDOWS\System32\ADVAPI32.dll
0x00007ff8e2380000 - 0x00007ff8e242a000 	C:\WINDOWS\System32\sechost.dll
0x00007ff8e28b0000 - 0x00007ff8e29c8000 	C:\WINDOWS\System32\RPCRT4.dll
0x00007ff8e2820000 - 0x00007ff8e28a0000 	C:\WINDOWS\System32\WS2_32.dll
0x00007ff8e0f50000 - 0x00007ff8e0fae000 	C:\WINDOWS\SYSTEM32\POWRPROF.dll
0x00007ff8d4240000 - 0x00007ff8d4276000 	C:\WINDOWS\SYSTEM32\WINMM.dll
0x00007ff8d8330000 - 0x00007ff8d833b000 	C:\WINDOWS\SYSTEM32\VERSION.dll
0x00007ff8e0f30000 - 0x00007ff8e0f44000 	C:\WINDOWS\SYSTEM32\UMPDC.dll
0x00007ff8dfd70000 - 0x00007ff8dfd8b000 	C:\WINDOWS\SYSTEM32\kernel.appcore.dll
0x00007ff8dbe00000 - 0x00007ff8dbe0a000 	C:\Program Files\Android\Android Studio\jbr\bin\jimage.dll
0x00007ff8d6df0000 - 0x00007ff8d7032000 	C:\WINDOWS\SYSTEM32\DBGHELP.DLL
0x00007ff8e2ef0000 - 0x00007ff8e3273000 	C:\WINDOWS\System32\combase.dll
0x00007ff8e2e10000 - 0x00007ff8e2ee9000 	C:\WINDOWS\System32\OLEAUT32.dll
0x00007ff8d40f0000 - 0x00007ff8d412b000 	C:\WINDOWS\SYSTEM32\dbgcore.DLL
0x00007ff8e1280000 - 0x00007ff8e132c000 	C:\WINDOWS\System32\bcryptPrimitives.dll
0x00007ff8aa840000 - 0x00007ff8aa860000 	C:\Program Files\Android\Android Studio\jbr\bin\java.dll

JVMTI agents: none

dbghelp: loaded successfully - version: 4.0.5 - missing functions: none
symbol engine: initialized successfully - sym options: 0x614 - pdb path: .;C:\Program Files\Android\Android Studio\jbr\bin;C:\WINDOWS\SYSTEM32;C:\WINDOWS\WinSxS\amd64_microsoft.windows.common-controls_6595b64144ccf1df_6.0.26100.8875_none_3e0d5d42e32fe9dd;C:\Program Files\Android\Android Studio\jbr\bin\server

VM Arguments:
java_command: <unknown>
java_class_path (initial): <not set>
Launcher Type: SUN_STANDARD

[Global flags]
     intx CICompilerCount                          = 12                                        {product} {ergonomic}
     uint ConcGCThreads                            = 3                                         {product} {ergonomic}
     uint G1ConcRefinementThreads                  = 13                                        {product} {ergonomic}
   size_t G1HeapRegionSize                         = 2097152                                   {product} {ergonomic}
    uintx GCDrainStackTargetSize                   = 64                                        {product} {ergonomic}
   size_t InitialHeapSize                          = 257949696                                 {product} {ergonomic}
   size_t MarkStackSize                            = 4194304                                   {product} {ergonomic}
   size_t MaxHeapSize                              = 4118806528                                {product} {ergonomic}
   size_t MinHeapDeltaBytes                        = 2097152                                   {product} {ergonomic}
   size_t MinHeapSize                              = 8388608                                   {product} {ergonomic}
    uintx NonNMethodCodeHeapSize                   = 7602480                                {pd product} {ergonomic}
    uintx NonProfiledCodeHeapSize                  = 122027880                              {pd product} {ergonomic}
    uintx ProfiledCodeHeapSize                     = 122027880                              {pd product} {ergonomic}
    uintx ReservedCodeCacheSize                    = 251658240                              {pd product} {ergonomic}
     bool SegmentedCodeCache                       = true                                      {product} {ergonomic}
   size_t SoftMaxHeapSize                          = 4118806528                             {manageable} {ergonomic}
     bool UseCompressedOops                        = true                           {product lp64_product} {ergonomic}
     bool UseG1GC                                  = true                                      {product} {ergonomic}
     bool UseLargePagesIndividualAllocation        = false                                  {pd product} {ergonomic}

Logging:
Log output configuration:
 #0: stdout all=warning uptime,level,tags foldmultilines=false
 #1: stderr all=off uptime,level,tags foldmultilines=false

Release file:
<release file has not been read>
Environment Variables:
JAVA_HOME=C:\Program Files\Android\Android Studio\jbr
PATH=C:\Python314\Scripts\;C:\Python314\;C:\Python313\Scripts\;C:\Python313\;C:\WINDOWS\system32;C:\WINDOWS;C:\WINDOWS\System32\Wbem;C:\WINDOWS\System32\WindowsPowerShell\v1.0\;C:\WINDOWS\System32\OpenSSH\;C:\ProgramData\chocolatey\bin;C:\Program Files\Docker\Docker\resources\bin;C:\Program Files\dotnet\;C:\Program Files\NVIDIA Corporation\NVIDIA App\NvDLISR;C:\Program Files (x86)\NVIDIA Corporation\PhysX\Common;C:\Users\helga\AppData\Local\Microsoft\WindowsApps;C:\Users\helga\AppData\Local\Programs\Microsoft VS Code\bin;C:\Users\helga\AppData\Roaming\npm;C:\Users\helga\AppData\Local\GitHubDesktop\bin;C:\adb;C:\Program Files\PostgreSQL\18\bin;C:\Users\helga\develop\flutter\bin;C:\Program Files\Android\Android Studio\jbr\bin;C:\Users\helga\AppData\Local\Pub\Cache\bin;C:\Program Files\GitHub CLI\;C:\Program Files (x86)\Windows Kits\10\Windows Performance Toolkit\;C:\Program Files\Git\cmd;C:\Program Files\nodejs\;C:\Users\helga\AppData\Local\hermes\hermes-agent\venv\Scripts;C:\Users\helga\AppData\Local\hermes\bin;C:\Users\helga\AppData\Local\Microsoft\WindowsApps;C:\Users\helga\AppData\Local\Programs\Microsoft VS Code\bin;C:\Users\helga\AppData\Local\GitHubDesktop\bin;C:\Users\helga\AppData\Local\Google\Cloud SDK\google-cloud-sdk\bin;C:\Users\helga\AppData\Local\Programs\cursor\resources\app\bin;C:\Users\helga\AppData\Local\Microsoft\WinGet\Links;C:\Users\helga\AppData\Roaming\npm;C:\Users\helga\develop\flutter\bin\mingit\cmd
USERNAME=helga
OS=Windows_NT
PROCESSOR_IDENTIFIER=AMD64 Family 25 Model 80 Stepping 0, AuthenticAMD
TMP=C:\Users\helga\AppData\Local\Temp
TEMP=C:\Users\helga\AppData\Local\Temp




Periodic native trim disabled

JNI global refs:
JNI global refs: 0, weak refs: 0

JNI global refs memory usage: 0, weak refs: 0

Process memory usage:
Resident Set Size: 13828K (0% of 16088080K total physical memory with 419232K free physical memory)

OOME stack traces (most recent first):
Classloader memory used:

---------------  S Y S T E M  ---------------

OS:
 Windows 11 , 64 bit Build 26100 (10.0.26100.8875)
OS uptime: 0 days 7:14 hours
Hyper-V role detected

CPU: total 16 (initial active 16) (16 cores per cpu, 2 threads per core) family 25 model 80 stepping 0 microcode 0xa50000f, cx8, cmov, fxsr, ht, mmx, 3dnowpref, sse, sse2, sse3, ssse3, sse4a, sse4.1, sse4.2, popcnt, lzcnt, tsc, tscinvbit, avx, avx2, aes, erms, clmul, bmi1, bmi2, adx, sha, fma, vzeroupper, clflush, clflushopt, hv, rdtscp, rdpid, fsrm, f16c, cet_ss
Processor Information for processor 0
  Max Mhz: 3201, Current Mhz: 1990, Mhz Limit: 3201
Processor Information for processor 1
  Max Mhz: 3201, Current Mhz: 1990, Mhz Limit: 3201
Processor Information for processor 2
  Max Mhz: 3201, Current Mhz: 1990, Mhz Limit: 3201
Processor Information for processor 3
  Max Mhz: 3201, Current Mhz: 1990, Mhz Limit: 3201
Processor Information for processor 4
  Max Mhz: 3201, Current Mhz: 1990, Mhz Limit: 3201
Processor Information for processor 5
  Max Mhz: 3201, Current Mhz: 1990, Mhz Limit: 3201
Processor Information for processor 6
  Max Mhz: 3201, Current Mhz: 1990, Mhz Limit: 3201
Processor Information for processor 7
  Max Mhz: 3201, Current Mhz: 1990, Mhz Limit: 3201
Processor Information for processor 8
  Max Mhz: 3201, Current Mhz: 1990, Mhz Limit: 3201
Processor Information for processor 9
  Max Mhz: 3201, Current Mhz: 1990, Mhz Limit: 3201
Processor Information for processor 10
  Max Mhz: 3201, Current Mhz: 3201, Mhz Limit: 3201
Processor Information for processor 11
  Max Mhz: 3201, Current Mhz: 1990, Mhz Limit: 3201
Processor Information for processor 12
  Max Mhz: 3201, Current Mhz: 1990, Mhz Limit: 3201
Processor Information for processor 13
  Max Mhz: 3201, Current Mhz: 1990, Mhz Limit: 3201
Processor Information for processor 14
  Max Mhz: 3201, Current Mhz: 1990, Mhz Limit: 3201
Processor Information for processor 15
  Max Mhz: 3201, Current Mhz: 1990, Mhz Limit: 3201

Memory: 4k page, system-wide physical 15711M (409M free)
TotalPageFile size 24774M (AvailPageFile size 247M)
current process WorkingSet (physical memory assigned to process): 13M, peak: 13M
current process commit charge ("private bytes"): 70M, peak: 316M

vm_info: OpenJDK 64-Bit Server VM (21.0.10+-14961533-b1163.108) for windows-amd64 JRE (21.0.10+-14961533-b1163.108), built on 2026-03-02T19:58:50Z by "builder" with MS VC++ 16.10 / 16.11 (VS2019)

END.
