#
# There is insufficient memory for the Java Runtime Environment to continue.
# Native memory allocation (malloc) failed to allocate 32744 bytes. Error detail: Chunk::new
# Possible reasons:
#   The system is out of physical RAM or swap space
#   This process is running with CompressedOops enabled, and the Java Heap may be blocking the growth of the native heap
# Possible solutions:
#   Reduce memory load on the system
#   Increase physical memory or swap space
#   Check if swap backing store is full
#   Decrease Java heap size (-Xmx/-Xms)
#   Decrease number of Java threads
#   Decrease Java thread stack sizes (-Xss)
#   Set larger code cache with -XX:ReservedCodeCacheSize=
#   JVM is running with Zero Based Compressed Oops mode in which the Java heap is
#     placed in the first 32GB address space. The Java Heap base address is the
#     maximum limit for the native heap growth. Please use -XX:HeapBaseMinAddress
#     to set the Java Heap base and to place the Java Heap above 32GB virtual address.
# This output file may be truncated or incomplete.
#
#  Out of Memory Error (arena.cpp:168), pid=5096, tid=31136
#
# JRE version: OpenJDK Runtime Environment (21.0.10) (build 21.0.10+-14961533-b1163.108)
# Java VM: OpenJDK 64-Bit Server VM (21.0.10+-14961533-b1163.108, mixed mode, tiered, compressed oops, compressed class ptrs, g1 gc, windows-amd64)
# No core dump will be written. Minidumps are not enabled by default on client versions of Windows
#

---------------  S U M M A R Y ------------

Command Line: -Dorg.gradle.appname=gradlew org.gradle.wrapper.GradleWrapperMain -q -Ptarget-platform=android-arm64 -Ptarget=F:\development\plontukrot\lib\main.dart -Pbase-application-name=android.app.Application -Pdart-defines=RkxVVFRFUl9WRVJTSU9OPTMuNDEuOQ==,RkxVVFRFUl9DSEFOTkVMPXN0YWJsZQ==,RkxVVFRFUl9HSVRfVVJMPWh0dHBzOi8vZ2l0aHViLmNvbS9mbHV0dGVyL2ZsdXR0ZXIuZ2l0,RkxVVFRFUl9GUkFNRVdPUktfUkVWSVNJT049MDBiMGM5MWYwNg==,RkxVVFRFUl9FTkdJTkVfUkVWSVNJT049NDJkM2Q3NWE1Ng==,RkxVVFRFUl9EQVJUX1ZFUlNJT049My4xMS41 -Pdart-obfuscation=false -Ptrack-widget-creation=true -Ptree-shake-icons=false -Pfilesystem-scheme=org-dartlang-root assembleDebug

Host: AMD Ryzen 7 5800H with Radeon Graphics         , 16 cores, 15G,  Windows 11 , 64 bit Build 26100 (10.0.26100.8875)
Time: Wed Aug  5 13:40:12 2026 elapsed time: 9.565736 seconds (0d 0h 0m 9s)

---------------  T H R E A D  ---------------

Current thread (0x00000155841f68d0):  JavaThread "C1 CompilerThread1" daemon [_thread_in_native, id=31136, stack(0x00000027e6c00000,0x00000027e6d00000) (1024K)]


Current CompileTask:
C1:9565 2029       3       java.util.concurrent.ThreadPoolExecutor::isShutdown (12 bytes)

Stack: [0x00000027e6c00000,0x00000027e6d00000]
Native frames: (J=compiled Java code, j=interpreted, Vv=VM code, C=native code)
V  [jvm.dll+0x6d78a9]
V  [jvm.dll+0x8665b3]
V  [jvm.dll+0x868bde]
V  [jvm.dll+0x8692c3]
V  [jvm.dll+0x280ee6]
V  [jvm.dll+0xc07cd]
V  [jvm.dll+0xc0d03]
V  [jvm.dll+0x13083f]
V  [jvm.dll+0x17b9ca]
V  [jvm.dll+0x1698a0]
V  [jvm.dll+0x1517b7]
V  [jvm.dll+0x151156]
V  [jvm.dll+0x151371]
V  [jvm.dll+0x1506ff]
V  [jvm.dll+0x1524c1]
V  [jvm.dll+0x25891e]
V  [jvm.dll+0x256e66]
V  [jvm.dll+0x3f513e]
V  [jvm.dll+0x80fd28]
V  [jvm.dll+0x6d60fd]
C  [ucrtbase.dll+0x2cd30]
C  [KERNEL32.DLL+0x2e957]
C  [ntdll.dll+0xaad6c]


---------------  P R O C E S S  ---------------

Threads class SMR info:
_java_thread_list=0x0000015585baa560, length=13, elements={
0x00000155e0e15910, 0x000001558407f790, 0x0000015584090da0, 0x000001558408c340,
0x0000015584082610, 0x00000155840af980, 0x00000155840b9cf0, 0x00000155840ba750,
0x00000155840c00c0, 0x00000155840c26e0, 0x00000155841f68d0, 0x0000015584256d80,
0x00000155854a5230
}

Java Threads: ( => current thread )
  0x00000155e0e15910 JavaThread "main"                              [_thread_in_native, id=9392, stack(0x00000027e5b00000,0x00000027e5c00000) (1024K)]
  0x000001558407f790 JavaThread "Common-Cleaner"             daemon [_thread_blocked, id=2332, stack(0x00000027e6300000,0x00000027e6400000) (1024K)]
  0x0000015584090da0 JavaThread "Reference Handler"          daemon [_thread_blocked, id=24292, stack(0x00000027e6400000,0x00000027e6500000) (1024K)]
  0x000001558408c340 JavaThread "Finalizer"                  daemon [_thread_blocked, id=19644, stack(0x00000027e6500000,0x00000027e6600000) (1024K)]
  0x0000015584082610 JavaThread "Signal Dispatcher"          daemon [_thread_blocked, id=9372, stack(0x00000027e6600000,0x00000027e6700000) (1024K)]
  0x00000155840af980 JavaThread "Attach Listener"            daemon [_thread_blocked, id=12980, stack(0x00000027e6700000,0x00000027e6800000) (1024K)]
  0x00000155840b9cf0 JavaThread "Service Thread"             daemon [_thread_blocked, id=28428, stack(0x00000027e6800000,0x00000027e6900000) (1024K)]
  0x00000155840ba750 JavaThread "Monitor Deflation Thread"   daemon [_thread_blocked, id=15752, stack(0x00000027e6900000,0x00000027e6a00000) (1024K)]
  0x00000155840c00c0 JavaThread "C2 CompilerThread0"         daemon [_thread_blocked, id=4260, stack(0x00000027e6a00000,0x00000027e6b00000) (1024K)]
  0x00000155840c26e0 JavaThread "C1 CompilerThread0"         daemon [_thread_blocked, id=29648, stack(0x00000027e6b00000,0x00000027e6c00000) (1024K)]
=>0x00000155841f68d0 JavaThread "C1 CompilerThread1"         daemon [_thread_in_native, id=31136, stack(0x00000027e6c00000,0x00000027e6d00000) (1024K)]
  0x0000015584256d80 JavaThread "Notification Thread"        daemon [_thread_blocked, id=21636, stack(0x00000027e6d00000,0x00000027e6e00000) (1024K)]
  0x00000155854a5230 JavaThread "pool-1-thread-1"                   [_thread_blocked, id=30116, stack(0x00000027e7700000,0x00000027e7800000) (1024K)]
Total: 13

Other Threads:
  0x0000015584032570 VMThread "VM Thread"                           [id=24360, stack(0x00000027e6200000,0x00000027e6300000) (1024K)]
  0x00000155fb507cd0 WatcherThread "VM Periodic Task Thread"        [id=27692, stack(0x00000027e6100000,0x00000027e6200000) (1024K)]
  0x00000155e0e70fd0 WorkerThread "GC Thread#0"                     [id=30304, stack(0x00000027e5c00000,0x00000027e5d00000) (1024K)]
  0x00000155849dbc60 WorkerThread "GC Thread#1"                     [id=26240, stack(0x00000027e7100000,0x00000027e7200000) (1024K)]
  0x00000155849dc010 WorkerThread "GC Thread#2"                     [id=19612, stack(0x00000027e7200000,0x00000027e7300000) (1024K)]
  0x00000155849dc3c0 WorkerThread "GC Thread#3"                     [id=23748, stack(0x00000027e7300000,0x00000027e7400000) (1024K)]
  0x0000015584a03bc0 WorkerThread "GC Thread#4"                     [id=7596, stack(0x00000027e7400000,0x00000027e7500000) (1024K)]
  0x00000155855c6ae0 WorkerThread "GC Thread#5"                     [id=28700, stack(0x00000027e7800000,0x00000027e7900000) (1024K)]
  0x00000155855914a0 WorkerThread "GC Thread#6"                     [id=32620, stack(0x00000027e7900000,0x00000027e7a00000) (1024K)]
  0x00000155e0e845a0 ConcurrentGCThread "G1 Main Marker"            [id=31752, stack(0x00000027e5d00000,0x00000027e5e00000) (1024K)]
  0x00000155e0e85ed0 WorkerThread "G1 Conc#0"                       [id=25816, stack(0x00000027e5e00000,0x00000027e5f00000) (1024K)]
  0x00000155fb3db4a0 ConcurrentGCThread "G1 Refine#0"               [id=31508, stack(0x00000027e5f00000,0x00000027e6000000) (1024K)]
  0x00000155fb3dcce0 ConcurrentGCThread "G1 Service"                [id=31268, stack(0x00000027e6000000,0x00000027e6100000) (1024K)]
Total: 13

Threads with active compile tasks:
C1 CompilerThread1  9587 2029       3       java.util.concurrent.ThreadPoolExecutor::isShutdown (12 bytes)
Total: 1

VM state: not at safepoint (normal execution)

VM Mutex/Monitor currently owned by a thread: None

Heap address: 0x000000070a800000, size: 3928 MB, Compressed Oops mode: Zero based, Oop shift amount: 3

CDS archive(s) not mapped
Compressed class space mapped at: 0x0000000800000000-0x0000000840000000, reserved size: 1073741824
Narrow klass base: 0x0000000800000000, Narrow klass shift: 0, Narrow klass range: 0x40000000

GC Precious Log:
 CardTable entry size: 512
 Card Set container configuration: InlinePtr #cards 4 size 8 Array Of Cards #cards 16 size 48 Howl #buckets 8 coarsen threshold 3686 Howl Bitmap #cards 512 size 80 coarsen threshold 460 Card regions per heap region 1 cards per card region 4096
 CPUs: 16 total, 16 available
 Memory: 15711M
 Large Page Support: Disabled
 NUMA Support: Disabled
 Compressed Oops: Enabled (Zero based)
 Heap Region Size: 2M
 Heap Min Capacity: 8M
 Heap Initial Capacity: 246M
 Heap Max Capacity: 3928M
 Pre-touch: Disabled
 Parallel Workers: 13
 Concurrent Workers: 3
 Concurrent Refinement Workers: 13
 Periodic GC: Disabled

Heap:
 garbage-first heap   total 251904K, used 18432K [0x000000070a800000, 0x0000000800000000)
  region size 2048K, 8 young (16384K), 4 survivors (8192K)
 Metaspace       used 18063K, committed 18368K, reserved 1114112K
  class space    used 2170K, committed 2304K, reserved 1048576K

Heap Regions: E=young(eden), S=young(survivor), O=old, HS=humongous(starts), HC=humongous(continues), CS=collection set, F=free, TAMS=top-at-mark-start, PB=parsable bottom
|   0|0x000000070a800000, 0x000000070aa00000, 0x000000070aa00000|100%|HS|  |TAMS 0x000000070a800000| PB 0x000000070a800000| Complete 
|   1|0x000000070aa00000, 0x000000070ac00000, 0x000000070ac00000|100%|HC|  |TAMS 0x000000070aa00000| PB 0x000000070aa00000| Complete 
|   2|0x000000070ac00000, 0x000000070ac00000, 0x000000070ae00000|  0%| F|  |TAMS 0x000000070ac00000| PB 0x000000070ac00000| Untracked 
|   3|0x000000070ae00000, 0x000000070ae00000, 0x000000070b000000|  0%| F|  |TAMS 0x000000070ae00000| PB 0x000000070ae00000| Untracked 
|   4|0x000000070b000000, 0x000000070b000000, 0x000000070b200000|  0%| F|  |TAMS 0x000000070b000000| PB 0x000000070b000000| Untracked 
|   5|0x000000070b200000, 0x000000070b200000, 0x000000070b400000|  0%| F|  |TAMS 0x000000070b200000| PB 0x000000070b200000| Untracked 
|   6|0x000000070b400000, 0x000000070b400000, 0x000000070b600000|  0%| F|  |TAMS 0x000000070b400000| PB 0x000000070b400000| Untracked 
|   7|0x000000070b600000, 0x000000070b600000, 0x000000070b800000|  0%| F|  |TAMS 0x000000070b600000| PB 0x000000070b600000| Untracked 
|   8|0x000000070b800000, 0x000000070b800000, 0x000000070ba00000|  0%| F|  |TAMS 0x000000070b800000| PB 0x000000070b800000| Untracked 
|   9|0x000000070ba00000, 0x000000070ba00000, 0x000000070bc00000|  0%| F|  |TAMS 0x000000070ba00000| PB 0x000000070ba00000| Untracked 
|  10|0x000000070bc00000, 0x000000070bc00000, 0x000000070be00000|  0%| F|  |TAMS 0x000000070bc00000| PB 0x000000070bc00000| Untracked 
|  11|0x000000070be00000, 0x000000070be00000, 0x000000070c000000|  0%| F|  |TAMS 0x000000070be00000| PB 0x000000070be00000| Untracked 
|  12|0x000000070c000000, 0x000000070c000000, 0x000000070c200000|  0%| F|  |TAMS 0x000000070c000000| PB 0x000000070c000000| Untracked 
|  13|0x000000070c200000, 0x000000070c200000, 0x000000070c400000|  0%| F|  |TAMS 0x000000070c200000| PB 0x000000070c200000| Untracked 
|  14|0x000000070c400000, 0x000000070c400000, 0x000000070c600000|  0%| F|  |TAMS 0x000000070c400000| PB 0x000000070c400000| Untracked 
|  15|0x000000070c600000, 0x000000070c600000, 0x000000070c800000|  0%| F|  |TAMS 0x000000070c600000| PB 0x000000070c600000| Untracked 
|  16|0x000000070c800000, 0x000000070c800000, 0x000000070ca00000|  0%| F|  |TAMS 0x000000070c800000| PB 0x000000070c800000| Untracked 
|  17|0x000000070ca00000, 0x000000070ca00000, 0x000000070cc00000|  0%| F|  |TAMS 0x000000070ca00000| PB 0x000000070ca00000| Untracked 
|  18|0x000000070cc00000, 0x000000070cc00000, 0x000000070ce00000|  0%| F|  |TAMS 0x000000070cc00000| PB 0x000000070cc00000| Untracked 
|  19|0x000000070ce00000, 0x000000070ce00000, 0x000000070d000000|  0%| F|  |TAMS 0x000000070ce00000| PB 0x000000070ce00000| Untracked 
|  20|0x000000070d000000, 0x000000070d000000, 0x000000070d200000|  0%| F|  |TAMS 0x000000070d000000| PB 0x000000070d000000| Untracked 
|  21|0x000000070d200000, 0x000000070d200000, 0x000000070d400000|  0%| F|  |TAMS 0x000000070d200000| PB 0x000000070d200000| Untracked 
|  22|0x000000070d400000, 0x000000070d400000, 0x000000070d600000|  0%| F|  |TAMS 0x000000070d400000| PB 0x000000070d400000| Untracked 
|  23|0x000000070d600000, 0x000000070d600000, 0x000000070d800000|  0%| F|  |TAMS 0x000000070d600000| PB 0x000000070d600000| Untracked 
|  24|0x000000070d800000, 0x000000070d800000, 0x000000070da00000|  0%| F|  |TAMS 0x000000070d800000| PB 0x000000070d800000| Untracked 
|  25|0x000000070da00000, 0x000000070da00000, 0x000000070dc00000|  0%| F|  |TAMS 0x000000070da00000| PB 0x000000070da00000| Untracked 
|  26|0x000000070dc00000, 0x000000070dc00000, 0x000000070de00000|  0%| F|  |TAMS 0x000000070dc00000| PB 0x000000070dc00000| Untracked 
|  27|0x000000070de00000, 0x000000070de00000, 0x000000070e000000|  0%| F|  |TAMS 0x000000070de00000| PB 0x000000070de00000| Untracked 
|  28|0x000000070e000000, 0x000000070e000000, 0x000000070e200000|  0%| F|  |TAMS 0x000000070e000000| PB 0x000000070e000000| Untracked 
|  29|0x000000070e200000, 0x000000070e200000, 0x000000070e400000|  0%| F|  |TAMS 0x000000070e200000| PB 0x000000070e200000| Untracked 
|  30|0x000000070e400000, 0x000000070e400000, 0x000000070e600000|  0%| F|  |TAMS 0x000000070e400000| PB 0x000000070e400000| Untracked 
|  31|0x000000070e600000, 0x000000070e600000, 0x000000070e800000|  0%| F|  |TAMS 0x000000070e600000| PB 0x000000070e600000| Untracked 
|  32|0x000000070e800000, 0x000000070e800000, 0x000000070ea00000|  0%| F|  |TAMS 0x000000070e800000| PB 0x000000070e800000| Untracked 
|  33|0x000000070ea00000, 0x000000070ea00000, 0x000000070ec00000|  0%| F|  |TAMS 0x000000070ea00000| PB 0x000000070ea00000| Untracked 
|  34|0x000000070ec00000, 0x000000070ec00000, 0x000000070ee00000|  0%| F|  |TAMS 0x000000070ec00000| PB 0x000000070ec00000| Untracked 
|  35|0x000000070ee00000, 0x000000070ee00000, 0x000000070f000000|  0%| F|  |TAMS 0x000000070ee00000| PB 0x000000070ee00000| Untracked 
|  36|0x000000070f000000, 0x000000070f000000, 0x000000070f200000|  0%| F|  |TAMS 0x000000070f000000| PB 0x000000070f000000| Untracked 
|  37|0x000000070f200000, 0x000000070f200000, 0x000000070f400000|  0%| F|  |TAMS 0x000000070f200000| PB 0x000000070f200000| Untracked 
|  38|0x000000070f400000, 0x000000070f400000, 0x000000070f600000|  0%| F|  |TAMS 0x000000070f400000| PB 0x000000070f400000| Untracked 
|  39|0x000000070f600000, 0x000000070f600000, 0x000000070f800000|  0%| F|  |TAMS 0x000000070f600000| PB 0x000000070f600000| Untracked 
|  40|0x000000070f800000, 0x000000070f800000, 0x000000070fa00000|  0%| F|  |TAMS 0x000000070f800000| PB 0x000000070f800000| Untracked 
|  41|0x000000070fa00000, 0x000000070fa00000, 0x000000070fc00000|  0%| F|  |TAMS 0x000000070fa00000| PB 0x000000070fa00000| Untracked 
|  42|0x000000070fc00000, 0x000000070fc00000, 0x000000070fe00000|  0%| F|  |TAMS 0x000000070fc00000| PB 0x000000070fc00000| Untracked 
|  43|0x000000070fe00000, 0x000000070fe00000, 0x0000000710000000|  0%| F|  |TAMS 0x000000070fe00000| PB 0x000000070fe00000| Untracked 
|  44|0x0000000710000000, 0x0000000710000000, 0x0000000710200000|  0%| F|  |TAMS 0x0000000710000000| PB 0x0000000710000000| Untracked 
|  45|0x0000000710200000, 0x0000000710200000, 0x0000000710400000|  0%| F|  |TAMS 0x0000000710200000| PB 0x0000000710200000| Untracked 
|  46|0x0000000710400000, 0x0000000710400000, 0x0000000710600000|  0%| F|  |TAMS 0x0000000710400000| PB 0x0000000710400000| Untracked 
|  47|0x0000000710600000, 0x0000000710600000, 0x0000000710800000|  0%| F|  |TAMS 0x0000000710600000| PB 0x0000000710600000| Untracked 
|  48|0x0000000710800000, 0x0000000710800000, 0x0000000710a00000|  0%| F|  |TAMS 0x0000000710800000| PB 0x0000000710800000| Untracked 
|  49|0x0000000710a00000, 0x0000000710a00000, 0x0000000710c00000|  0%| F|  |TAMS 0x0000000710a00000| PB 0x0000000710a00000| Untracked 
|  50|0x0000000710c00000, 0x0000000710c00000, 0x0000000710e00000|  0%| F|  |TAMS 0x0000000710c00000| PB 0x0000000710c00000| Untracked 
|  51|0x0000000710e00000, 0x0000000710e00000, 0x0000000711000000|  0%| F|  |TAMS 0x0000000710e00000| PB 0x0000000710e00000| Untracked 
|  52|0x0000000711000000, 0x0000000711000000, 0x0000000711200000|  0%| F|  |TAMS 0x0000000711000000| PB 0x0000000711000000| Untracked 
|  53|0x0000000711200000, 0x0000000711200000, 0x0000000711400000|  0%| F|  |TAMS 0x0000000711200000| PB 0x0000000711200000| Untracked 
|  54|0x0000000711400000, 0x0000000711400000, 0x0000000711600000|  0%| F|  |TAMS 0x0000000711400000| PB 0x0000000711400000| Untracked 
|  55|0x0000000711600000, 0x0000000711600000, 0x0000000711800000|  0%| F|  |TAMS 0x0000000711600000| PB 0x0000000711600000| Untracked 
|  56|0x0000000711800000, 0x0000000711800000, 0x0000000711a00000|  0%| F|  |TAMS 0x0000000711800000| PB 0x0000000711800000| Untracked 
|  57|0x0000000711a00000, 0x0000000711a00000, 0x0000000711c00000|  0%| F|  |TAMS 0x0000000711a00000| PB 0x0000000711a00000| Untracked 
|  58|0x0000000711c00000, 0x0000000711c00000, 0x0000000711e00000|  0%| F|  |TAMS 0x0000000711c00000| PB 0x0000000711c00000| Untracked 
|  59|0x0000000711e00000, 0x0000000711e00000, 0x0000000712000000|  0%| F|  |TAMS 0x0000000711e00000| PB 0x0000000711e00000| Untracked 
|  60|0x0000000712000000, 0x0000000712000000, 0x0000000712200000|  0%| F|  |TAMS 0x0000000712000000| PB 0x0000000712000000| Untracked 
|  61|0x0000000712200000, 0x0000000712200000, 0x0000000712400000|  0%| F|  |TAMS 0x0000000712200000| PB 0x0000000712200000| Untracked 
|  62|0x0000000712400000, 0x0000000712400000, 0x0000000712600000|  0%| F|  |TAMS 0x0000000712400000| PB 0x0000000712400000| Untracked 
|  63|0x0000000712600000, 0x0000000712600000, 0x0000000712800000|  0%| F|  |TAMS 0x0000000712600000| PB 0x0000000712600000| Untracked 
|  64|0x0000000712800000, 0x0000000712800000, 0x0000000712a00000|  0%| F|  |TAMS 0x0000000712800000| PB 0x0000000712800000| Untracked 
|  65|0x0000000712a00000, 0x0000000712a00000, 0x0000000712c00000|  0%| F|  |TAMS 0x0000000712a00000| PB 0x0000000712a00000| Untracked 
|  66|0x0000000712c00000, 0x0000000712c00000, 0x0000000712e00000|  0%| F|  |TAMS 0x0000000712c00000| PB 0x0000000712c00000| Untracked 
|  67|0x0000000712e00000, 0x0000000712e00000, 0x0000000713000000|  0%| F|  |TAMS 0x0000000712e00000| PB 0x0000000712e00000| Untracked 
|  68|0x0000000713000000, 0x0000000713000000, 0x0000000713200000|  0%| F|  |TAMS 0x0000000713000000| PB 0x0000000713000000| Untracked 
|  69|0x0000000713200000, 0x0000000713200000, 0x0000000713400000|  0%| F|  |TAMS 0x0000000713200000| PB 0x0000000713200000| Untracked 
|  70|0x0000000713400000, 0x0000000713400000, 0x0000000713600000|  0%| F|  |TAMS 0x0000000713400000| PB 0x0000000713400000| Untracked 
|  71|0x0000000713600000, 0x0000000713600000, 0x0000000713800000|  0%| F|  |TAMS 0x0000000713600000| PB 0x0000000713600000| Untracked 
|  72|0x0000000713800000, 0x0000000713800000, 0x0000000713a00000|  0%| F|  |TAMS 0x0000000713800000| PB 0x0000000713800000| Untracked 
|  73|0x0000000713a00000, 0x0000000713a00000, 0x0000000713c00000|  0%| F|  |TAMS 0x0000000713a00000| PB 0x0000000713a00000| Untracked 
|  74|0x0000000713c00000, 0x0000000713c00000, 0x0000000713e00000|  0%| F|  |TAMS 0x0000000713c00000| PB 0x0000000713c00000| Untracked 
|  75|0x0000000713e00000, 0x0000000713e00000, 0x0000000714000000|  0%| F|  |TAMS 0x0000000713e00000| PB 0x0000000713e00000| Untracked 
|  76|0x0000000714000000, 0x0000000714000000, 0x0000000714200000|  0%| F|  |TAMS 0x0000000714000000| PB 0x0000000714000000| Untracked 
|  77|0x0000000714200000, 0x0000000714200000, 0x0000000714400000|  0%| F|  |TAMS 0x0000000714200000| PB 0x0000000714200000| Untracked 
|  78|0x0000000714400000, 0x0000000714400000, 0x0000000714600000|  0%| F|  |TAMS 0x0000000714400000| PB 0x0000000714400000| Untracked 
|  79|0x0000000714600000, 0x0000000714600000, 0x0000000714800000|  0%| F|  |TAMS 0x0000000714600000| PB 0x0000000714600000| Untracked 
|  80|0x0000000714800000, 0x0000000714800000, 0x0000000714a00000|  0%| F|  |TAMS 0x0000000714800000| PB 0x0000000714800000| Untracked 
|  81|0x0000000714a00000, 0x0000000714a00000, 0x0000000714c00000|  0%| F|  |TAMS 0x0000000714a00000| PB 0x0000000714a00000| Untracked 
|  82|0x0000000714c00000, 0x0000000714c00000, 0x0000000714e00000|  0%| F|  |TAMS 0x0000000714c00000| PB 0x0000000714c00000| Untracked 
|  83|0x0000000714e00000, 0x0000000714e00000, 0x0000000715000000|  0%| F|  |TAMS 0x0000000714e00000| PB 0x0000000714e00000| Untracked 
|  84|0x0000000715000000, 0x0000000715000000, 0x0000000715200000|  0%| F|  |TAMS 0x0000000715000000| PB 0x0000000715000000| Untracked 
|  85|0x0000000715200000, 0x0000000715200000, 0x0000000715400000|  0%| F|  |TAMS 0x0000000715200000| PB 0x0000000715200000| Untracked 
|  86|0x0000000715400000, 0x0000000715400000, 0x0000000715600000|  0%| F|  |TAMS 0x0000000715400000| PB 0x0000000715400000| Untracked 
|  87|0x0000000715600000, 0x0000000715600000, 0x0000000715800000|  0%| F|  |TAMS 0x0000000715600000| PB 0x0000000715600000| Untracked 
|  88|0x0000000715800000, 0x0000000715800000, 0x0000000715a00000|  0%| F|  |TAMS 0x0000000715800000| PB 0x0000000715800000| Untracked 
|  89|0x0000000715a00000, 0x0000000715a00000, 0x0000000715c00000|  0%| F|  |TAMS 0x0000000715a00000| PB 0x0000000715a00000| Untracked 
|  90|0x0000000715c00000, 0x0000000715c00000, 0x0000000715e00000|  0%| F|  |TAMS 0x0000000715c00000| PB 0x0000000715c00000| Untracked 
|  91|0x0000000715e00000, 0x0000000715e00000, 0x0000000716000000|  0%| F|  |TAMS 0x0000000715e00000| PB 0x0000000715e00000| Untracked 
|  92|0x0000000716000000, 0x0000000716000000, 0x0000000716200000|  0%| F|  |TAMS 0x0000000716000000| PB 0x0000000716000000| Untracked 
|  93|0x0000000716200000, 0x0000000716200000, 0x0000000716400000|  0%| F|  |TAMS 0x0000000716200000| PB 0x0000000716200000| Untracked 
|  94|0x0000000716400000, 0x0000000716600000, 0x0000000716600000|100%| S|CS|TAMS 0x0000000716400000| PB 0x0000000716400000| Complete 
|  95|0x0000000716600000, 0x0000000716800000, 0x0000000716800000|100%| S|CS|TAMS 0x0000000716600000| PB 0x0000000716600000| Complete 
|  96|0x0000000716800000, 0x0000000716a00000, 0x0000000716a00000|100%| S|CS|TAMS 0x0000000716800000| PB 0x0000000716800000| Complete 
|  97|0x0000000716a00000, 0x0000000716c00000, 0x0000000716c00000|100%| S|CS|TAMS 0x0000000716a00000| PB 0x0000000716a00000| Complete 
|  98|0x0000000716c00000, 0x0000000716c00000, 0x0000000716e00000|  0%| F|  |TAMS 0x0000000716c00000| PB 0x0000000716c00000| Untracked 
|  99|0x0000000716e00000, 0x0000000716e00000, 0x0000000717000000|  0%| F|  |TAMS 0x0000000716e00000| PB 0x0000000716e00000| Untracked 
| 100|0x0000000717000000, 0x0000000717000000, 0x0000000717200000|  0%| F|  |TAMS 0x0000000717000000| PB 0x0000000717000000| Untracked 
| 101|0x0000000717200000, 0x0000000717200000, 0x0000000717400000|  0%| F|  |TAMS 0x0000000717200000| PB 0x0000000717200000| Untracked 
| 102|0x0000000717400000, 0x0000000717400000, 0x0000000717600000|  0%| F|  |TAMS 0x0000000717400000| PB 0x0000000717400000| Untracked 
| 103|0x0000000717600000, 0x0000000717600000, 0x0000000717800000|  0%| F|  |TAMS 0x0000000717600000| PB 0x0000000717600000| Untracked 
| 104|0x0000000717800000, 0x0000000717800000, 0x0000000717a00000|  0%| F|  |TAMS 0x0000000717800000| PB 0x0000000717800000| Untracked 
| 105|0x0000000717a00000, 0x0000000717a00000, 0x0000000717c00000|  0%| F|  |TAMS 0x0000000717a00000| PB 0x0000000717a00000| Untracked 
| 106|0x0000000717c00000, 0x0000000717c00000, 0x0000000717e00000|  0%| F|  |TAMS 0x0000000717c00000| PB 0x0000000717c00000| Untracked 
| 107|0x0000000717e00000, 0x0000000717e00000, 0x0000000718000000|  0%| F|  |TAMS 0x0000000717e00000| PB 0x0000000717e00000| Untracked 
| 108|0x0000000718000000, 0x0000000718000000, 0x0000000718200000|  0%| F|  |TAMS 0x0000000718000000| PB 0x0000000718000000| Untracked 
| 109|0x0000000718200000, 0x0000000718200000, 0x0000000718400000|  0%| F|  |TAMS 0x0000000718200000| PB 0x0000000718200000| Untracked 
| 110|0x0000000718400000, 0x0000000718400000, 0x0000000718600000|  0%| F|  |TAMS 0x0000000718400000| PB 0x0000000718400000| Untracked 
| 111|0x0000000718600000, 0x0000000718600000, 0x0000000718800000|  0%| F|  |TAMS 0x0000000718600000| PB 0x0000000718600000| Untracked 
| 112|0x0000000718800000, 0x0000000718800000, 0x0000000718a00000|  0%| F|  |TAMS 0x0000000718800000| PB 0x0000000718800000| Untracked 
| 113|0x0000000718a00000, 0x0000000718a00000, 0x0000000718c00000|  0%| F|  |TAMS 0x0000000718a00000| PB 0x0000000718a00000| Untracked 
| 114|0x0000000718c00000, 0x0000000718c00000, 0x0000000718e00000|  0%| F|  |TAMS 0x0000000718c00000| PB 0x0000000718c00000| Untracked 
| 115|0x0000000718e00000, 0x0000000718e00000, 0x0000000719000000|  0%| F|  |TAMS 0x0000000718e00000| PB 0x0000000718e00000| Untracked 
| 116|0x0000000719000000, 0x0000000719000000, 0x0000000719200000|  0%| F|  |TAMS 0x0000000719000000| PB 0x0000000719000000| Untracked 
| 117|0x0000000719200000, 0x0000000719200000, 0x0000000719400000|  0%| F|  |TAMS 0x0000000719200000| PB 0x0000000719200000| Untracked 
| 118|0x0000000719400000, 0x0000000719400000, 0x0000000719600000|  0%| F|  |TAMS 0x0000000719400000| PB 0x0000000719400000| Untracked 
| 119|0x0000000719600000, 0x00000007196d0d28, 0x0000000719800000| 40%| E|  |TAMS 0x0000000719600000| PB 0x0000000719600000| Complete 
| 120|0x0000000719800000, 0x0000000719a00000, 0x0000000719a00000|100%| E|CS|TAMS 0x0000000719800000| PB 0x0000000719800000| Complete 
| 121|0x0000000719a00000, 0x0000000719c00000, 0x0000000719c00000|100%| E|CS|TAMS 0x0000000719a00000| PB 0x0000000719a00000| Complete 
| 122|0x0000000719c00000, 0x0000000719e00000, 0x0000000719e00000|100%| E|CS|TAMS 0x0000000719c00000| PB 0x0000000719c00000| Complete 

Card table byte_map: [0x00000155f3fa0000,0x00000155f4750000] _byte_map_base: 0x00000155f074c000

Marking Bits: (CMBitMap*) 0x00000155e0e73900
 Bits: [0x00000155f4750000, 0x00000155f84b0000)

Polling page: 0x00000155e05d0000

Metaspace:

Usage:
  Non-class:     15.52 MB used.
      Class:      2.12 MB used.
       Both:     17.64 MB used.

Virtual space:
  Non-class space:       64.00 MB reserved,      15.69 MB ( 25%) committed,  1 nodes.
      Class space:        1.00 GB reserved,       2.25 MB ( <1%) committed,  1 nodes.
             Both:        1.06 GB reserved,      17.94 MB (  2%) committed. 

Chunk freelists:
   Non-Class:  32.00 KB
       Class:  13.64 MB
        Both:  13.67 MB

MaxMetaspaceSize: unlimited
CompressedClassSpaceSize: 1.00 GB
Initial GC threshold: 21.00 MB
Current GC threshold: 21.00 MB
CDS: off
 - commit_granule_bytes: 65536.
 - commit_granule_words: 8192.
 - virtual_space_node_default_size: 8388608.
 - enlarge_chunks_in_place: 1.
 - use_allocation_guard: 0.


Internal statistics:

num_allocs_failed_limit: 0.
num_arena_births: 308.
num_arena_deaths: 0.
num_vsnodes_births: 2.
num_vsnodes_deaths: 0.
num_space_committed: 287.
num_space_uncommitted: 0.
num_chunks_returned_to_freelist: 0.
num_chunks_taken_from_freelist: 619.
num_chunk_merges: 0.
num_chunk_splits: 396.
num_chunks_enlarged: 266.
num_inconsistent_stats: 0.

CodeHeap 'non-profiled nmethods': size=119168Kb used=959Kb max_used=959Kb free=118208Kb
 bounds [0x00000155ebb10000, 0x00000155ebd80000, 0x00000155f2f70000]
CodeHeap 'profiled nmethods': size=119104Kb used=3866Kb max_used=3866Kb free=115238Kb
 bounds [0x00000155e3f70000, 0x00000155e4340000, 0x00000155eb3c0000]
CodeHeap 'non-nmethods': size=7488Kb used=1881Kb max_used=3031Kb free=5606Kb
 bounds [0x00000155eb3c0000, 0x00000155eb6c0000, 0x00000155ebb10000]
CodeCache: size=245760Kb, used=6706Kb, max_used=7856Kb, free=239052Kb
 total_blobs=2523, nmethods=2029, adapters=397, full_count=0
Compilation: enabled, stopped_count=0, restarted_count=0

Compilation events (20 events):
Event: 4.436 Thread 0x0000015584ddd6c0 nmethod 2019 0x00000155e4330910 code [0x00000155e4330ac0, 0x00000155e4330c28]
Event: 4.481 Thread 0x0000015585106390 2020   !   3       org.gradle.internal.logging.console.ThrottlingOutputEventListener::onOutput (85 bytes)
Event: 4.481 Thread 0x0000015585106390 nmethod 2020 0x00000155e4330d10 code [0x00000155e4330f40, 0x00000155e43317d0]
Event: 4.552 Thread 0x0000015585106390 2021       3       java.util.ArrayList::remove (26 bytes)
Event: 4.552 Thread 0x00000155841f68d0 2022       3       java.util.ArrayList::fastRemove (44 bytes)
Event: 4.552 Thread 0x00000155840c26e0 2023       3       org.gradle.internal.logging.console.AbstractUserInputRenderer::onOutput (111 bytes)
Event: 4.552 Thread 0x0000015584ddd6c0 2024       3       org.gradle.internal.logging.console.BuildLogLevelFilterRenderer::onOutput (53 bytes)
Event: 4.552 Thread 0x0000015585106390 nmethod 2021 0x00000155e4331a90 code [0x00000155e4331c60, 0x00000155e4331e90]
Event: 4.552 Thread 0x0000015584ddd6c0 nmethod 2024 0x00000155e4332010 code [0x00000155e4332220, 0x00000155e4332920]
Event: 4.552 Thread 0x00000155841f68d0 nmethod 2022 0x00000155e4332a90 code [0x00000155e4332c60, 0x00000155e4333058]
Event: 4.552 Thread 0x00000155840c26e0 nmethod 2023 0x00000155e4333190 code [0x00000155e4333520, 0x00000155e4334ed0]
Event: 4.644 Thread 0x0000015585106390 2026       1       java.util.concurrent.atomic.AtomicLong::get (5 bytes)
Event: 4.645 Thread 0x0000015585106390 nmethod 2026 0x00000155ebbffb90 code [0x00000155ebbffd20, 0x00000155ebbffdf0]
Event: 6.143 Thread 0x0000015584ddd6c0 2027       3       java.util.concurrent.ThreadPoolExecutor::runStateAtLeast (11 bytes)
Event: 6.143 Thread 0x0000015584ddd6c0 nmethod 2027 0x00000155e4335490 code [0x00000155e4335620, 0x00000155e4335760]
Event: 8.342 Thread 0x0000015585106390 2028       3       java.util.concurrent.locks.ReentrantLock$Sync::isHeldExclusively (16 bytes)
Event: 8.342 Thread 0x0000015585106390 nmethod 2028 0x00000155e4335810 code [0x00000155e43359c0, 0x00000155e4335b58]
Event: 9.551 Thread 0x00000155841f68d0 2029       3       java.util.concurrent.ThreadPoolExecutor::isShutdown (12 bytes)
Event: 9.551 Thread 0x00000155840c26e0 2030       3       java.util.concurrent.ScheduledThreadPoolExecutor::canRunInCurrentRunState (61 bytes)
Event: 9.551 Thread 0x00000155840c26e0 nmethod 2030 0x00000155e4335c10 code [0x00000155e4335e20, 0x00000155e43365d8]

GC Heap History (4 events):
Event: 0.504 GC heap before
{Heap before GC invocations=0 (full 0):
 garbage-first heap   total 251904K, used 22528K [0x000000070a800000, 0x0000000800000000)
  region size 2048K, 11 young (22528K), 0 survivors (0K)
 Metaspace       used 8843K, committed 8960K, reserved 1114112K
  class space    used 815K, committed 896K, reserved 1048576K
}
Event: 0.506 GC heap after
{Heap after GC invocations=1 (full 0):
 garbage-first heap   total 251904K, used 1580K [0x000000070a800000, 0x0000000800000000)
  region size 2048K, 1 young (2048K), 1 survivors (2048K)
 Metaspace       used 8843K, committed 8960K, reserved 1114112K
  class space    used 815K, committed 896K, reserved 1048576K
}
Event: 1.333 GC heap before
{Heap before GC invocations=1 (full 0):
 garbage-first heap   total 251904K, used 54828K [0x000000070a800000, 0x0000000800000000)
  region size 2048K, 25 young (51200K), 1 survivors (2048K)
 Metaspace       used 16082K, committed 16320K, reserved 1114112K
  class space    used 1889K, committed 1984K, reserved 1048576K
}
Event: 1.338 GC heap after
{Heap after GC invocations=2 (full 0):
 garbage-first heap   total 251904K, used 12288K [0x000000070a800000, 0x0000000800000000)
  region size 2048K, 4 young (8192K), 4 survivors (8192K)
 Metaspace       used 16082K, committed 16320K, reserved 1114112K
  class space    used 1889K, committed 1984K, reserved 1048576K
}

Dll operation events (3 events):
Event: 0.008 Loaded shared library C:\Program Files\Android\Android Studio\jbr\bin\java.dll
Event: 0.014 Loaded shared library C:\Program Files\Android\Android Studio\jbr\bin\zip.dll
Event: 0.145 Loaded shared library C:\Program Files\Android\Android Studio\jbr\bin\verify.dll

Deoptimization events (20 events):
Event: 1.453 Thread 0x00000155e0e15910 Uncommon trap: trap_request=0xffffffde fr.pc=0x00000155ebb76684 relative=0x00000000000000e4
Event: 1.454 Thread 0x00000155e0e15910 Uncommon trap: reason=class_check action=maybe_recompile pc=0x00000155ebb76684 method=java.util.AbstractList$Itr.next()Ljava/lang/Object; @ 14 c2
Event: 1.454 Thread 0x00000155e0e15910 DEOPT PACKING pc=0x00000155ebb76684 sp=0x00000027e5bfce00
Event: 1.454 Thread 0x00000155e0e15910 DEOPT UNPACKING pc=0x00000155eb414422 sp=0x00000027e5bfcd98 mode 2
Event: 1.457 Thread 0x00000155e0e15910 Uncommon trap: trap_request=0xffffff45 fr.pc=0x00000155ebbaf49c relative=0x000000000000079c
Event: 1.457 Thread 0x00000155e0e15910 Uncommon trap: reason=unstable_if action=reinterpret pc=0x00000155ebbaf49c method=java.lang.Integer.stringSize(I)I @ 19 c2
Event: 1.457 Thread 0x00000155e0e15910 DEOPT PACKING pc=0x00000155ebbaf49c sp=0x00000027e5bfd920
Event: 1.457 Thread 0x00000155e0e15910 DEOPT UNPACKING pc=0x00000155eb414422 sp=0x00000027e5bfd878 mode 2
Event: 1.460 Thread 0x00000155e0e15910 Uncommon trap: trap_request=0xffffff45 fr.pc=0x00000155ebba9578 relative=0x00000000000001b8
Event: 1.460 Thread 0x00000155e0e15910 Uncommon trap: reason=unstable_if action=reinterpret pc=0x00000155ebba9578 method=sun.nio.fs.NativeBuffers.getNativeBufferFromCache(I)Lsun/nio/fs/NativeBuffer; @ 34 c2
Event: 1.460 Thread 0x00000155e0e15910 DEOPT PACKING pc=0x00000155ebba9578 sp=0x00000027e5bfd880
Event: 1.460 Thread 0x00000155e0e15910 DEOPT UNPACKING pc=0x00000155eb414422 sp=0x00000027e5bfd828 mode 2
Event: 1.474 Thread 0x00000155e0e15910 Uncommon trap: trap_request=0xffffffde fr.pc=0x00000155ebb733a8 relative=0x0000000000000088
Event: 1.474 Thread 0x00000155e0e15910 Uncommon trap: reason=class_check action=maybe_recompile pc=0x00000155ebb733a8 method=java.util.AbstractList$Itr.hasNext()Z @ 8 c2
Event: 1.474 Thread 0x00000155e0e15910 DEOPT PACKING pc=0x00000155ebb733a8 sp=0x00000027e5bfdf00
Event: 1.474 Thread 0x00000155e0e15910 DEOPT UNPACKING pc=0x00000155eb414422 sp=0x00000027e5bfde98 mode 2
Event: 1.474 Thread 0x00000155e0e15910 Uncommon trap: trap_request=0xffffff45 fr.pc=0x00000155ebb9c5d0 relative=0x0000000000000290
Event: 1.474 Thread 0x00000155e0e15910 Uncommon trap: reason=unstable_if action=reinterpret pc=0x00000155ebb9c5d0 method=jdk.internal.misc.Unsafe.copyMemory(Ljava/lang/Object;JLjava/lang/Object;JJ)V @ 16 c2
Event: 1.474 Thread 0x00000155e0e15910 DEOPT PACKING pc=0x00000155ebb9c5d0 sp=0x00000027e5bfded0
Event: 1.474 Thread 0x00000155e0e15910 DEOPT UNPACKING pc=0x00000155eb414422 sp=0x00000027e5bfdee0 mode 2

Classes loaded (20 events):
Event: 1.460 Loading class java/nio/channels/SelectionKey
Event: 1.460 Loading class java/nio/channels/SelectionKey done
Event: 1.460 Loading class java/nio/channels/spi/AbstractSelectionKey done
Event: 1.460 Loading class sun/nio/ch/SelectionKeyImpl done
Event: 1.460 Loading class java/lang/invoke/ConstantBootstraps
Event: 1.461 Loading class java/lang/invoke/ConstantBootstraps done
Event: 1.466 Loading class java/lang/Long$LongCache
Event: 1.466 Loading class java/lang/Long$LongCache done
Event: 1.474 Loading class java/nio/channels/spi/AbstractSelector$1
Event: 1.474 Loading class java/nio/channels/spi/AbstractSelector$1 done
Event: 1.492 Loading class java/util/concurrent/Executors$AutoShutdownDelegatedExecutorService
Event: 1.492 Loading class java/util/concurrent/Executors$AutoShutdownDelegatedExecutorService done
Event: 1.493 Loading class java/io/BufferedReader
Event: 1.493 Loading class java/io/BufferedReader done
Event: 1.493 Loading class sun/nio/cs/StreamDecoder
Event: 1.494 Loading class sun/nio/cs/StreamDecoder done
Event: 1.494 Loading class sun/nio/cs/UTF_8$Decoder
Event: 1.494 Loading class sun/nio/cs/UTF_8$Decoder done
Event: 3.273 Loading class java/lang/invoke/MethodHandle$1
Event: 3.273 Loading class java/lang/invoke/MethodHandle$1 done

Classes unloaded (0 events):
No events

Classes redefined (0 events):
No events

Internal exceptions (20 events):
Event: 1.286 Thread 0x00000155e0e15910 Exception <a 'java/lang/NoSuchMethodError'{0x0000000716f74330}: 'java.lang.Object java.lang.invoke.DirectMethodHandle$Holder.invokeStatic(java.lang.Object, java.lang.Object, java.lang.Object, java.lang.Object, java.lang.Object, java.lang.Object, java.lang.Object, java.lang.Object, java.lang.Object, java.lang.Object, java.lang.Object, java.lang.Object, java.lang.Object, java.lang.Object, java.lang.Object, java.lang.Object)'> (0x0000000716f74330) 
thrown [s\src\hotspot\share\interpreter\linkResolver.cpp, lin
Event: 1.288 Thread 0x00000155e0e15910 Exception <a 'java/lang/NoSuchMethodError'{0x0000000716f9ab78}: 'java.lang.Object java.lang.invoke.DirectMethodHandle$Holder.invokeStatic(java.lang.Object, java.lang.Object, java.lang.Object, java.lang.Object, java.lang.Object, java.lang.Object, java.lang.Object, java.lang.Object, java.lang.Object, java.lang.Object, java.lang.Object, java.lang.Object, java.lang.Object, java.lang.Object, java.lang.Object, java.lang.Object, java.lang.Object)'> (0x0000000716f9ab78) 
thrown [s\src\hotspot\share\interpreter\lin
Event: 1.291 Thread 0x00000155e0e15910 Exception <a 'java/lang/NoSuchMethodError'{0x0000000716fc21c0}: 'java.lang.Object java.lang.invoke.DirectMethodHandle$Holder.invokeStatic(java.lang.Object, java.lang.Object, java.lang.Object, java.lang.Object, java.lang.Object, java.lang.Object, java.lang.Object, java.lang.Object, java.lang.Object, java.lang.Object, java.lang.Object, java.lang.Object, java.lang.Object, java.lang.Object, java.lang.Object, java.lang.Object, java.lang.Object, java.lang.Object)'> (0x0000000716fc21c0) 
thrown [s\src\hotspot\sha
Event: 1.293 Thread 0x00000155e0e15910 Exception <a 'java/lang/NoSuchMethodError'{0x0000000716feaa08}: 'java.lang.Object java.lang.invoke.DirectMethodHandle$Holder.invokeStatic(java.lang.Object, java.lang.Object, java.lang.Object, java.lang.Object, java.lang.Object, java.lang.Object, java.lang.Object, java.lang.Object, java.lang.Object, java.lang.Object, java.lang.Object, java.lang.Object, java.lang.Object, java.lang.Object, java.lang.Object, java.lang.Object, java.lang.Object, java.lang.Object, java.lang.Object)'> (0x0000000716feaa08) 
thrown 
Event: 1.296 Thread 0x00000155e0e15910 Exception <a 'java/lang/NoSuchMethodError'{0x0000000716c15160}: 'java.lang.Object java.lang.invoke.DirectMethodHandle$Holder.invokeStatic(java.lang.Object, java.lang.Object, java.lang.Object, java.lang.Object, java.lang.Object, java.lang.Object, java.lang.Object, java.lang.Object, java.lang.Object, java.lang.Object, java.lang.Object, java.lang.Object, java.lang.Object, java.lang.Object, java.lang.Object, java.lang.Object, java.lang.Object, java.lang.Object, java.lang.Object, java.lang.Object)'> (0x00000007
Event: 1.299 Thread 0x00000155e0e15910 Exception <a 'java/lang/NoSuchMethodError'{0x0000000716c3fd60}: 'java.lang.Object java.lang.invoke.DirectMethodHandle$Holder.invokeStatic(java.lang.Object, java.lang.Object, java.lang.Object, java.lang.Object, java.lang.Object, java.lang.Object, java.lang.Object, java.lang.Object, java.lang.Object, java.lang.Object, java.lang.Object, java.lang.Object, java.lang.Object, java.lang.Object, java.lang.Object, java.lang.Object, java.lang.Object, java.lang.Object, java.lang.Object, java.lang.Object, java.lang.Obj
Event: 1.302 Thread 0x00000155e0e15910 Exception <a 'java/lang/NoSuchMethodError'{0x0000000716c6b630}: 'java.lang.Object java.lang.invoke.DirectMethodHandle$Holder.invokeStatic(java.lang.Object, java.lang.Object, java.lang.Object, java.lang.Object, java.lang.Object, java.lang.Object, java.lang.Object, java.lang.Object, java.lang.Object, java.lang.Object, java.lang.Object, java.lang.Object, java.lang.Object, java.lang.Object, java.lang.Object, java.lang.Object, java.lang.Object, java.lang.Object, java.lang.Object, java.lang.Object, java.lang.Obj
Event: 1.305 Thread 0x00000155e0e15910 Exception <a 'java/lang/NoSuchMethodError'{0x0000000716c97ae8}: 'java.lang.Object java.lang.invoke.DirectMethodHandle$Holder.invokeStatic(java.lang.Object, java.lang.Object, java.lang.Object, java.lang.Object, java.lang.Object, java.lang.Object, java.lang.Object, java.lang.Object, java.lang.Object, java.lang.Object, java.lang.Object, java.lang.Object, java.lang.Object, java.lang.Object, java.lang.Object, java.lang.Object, java.lang.Object, java.lang.Object, java.lang.Object, java.lang.Object, java.lang.Obj
Event: 1.308 Thread 0x00000155e0e15910 Exception <a 'java/lang/NoSuchMethodError'{0x0000000716cc5d28}: 'java.lang.Object java.lang.invoke.DirectMethodHandle$Holder.invokeStatic(java.lang.Object, java.lang.Object, java.lang.Object, java.lang.Object, java.lang.Object, java.lang.Object, java.lang.Object, java.lang.Object, java.lang.Object, java.lang.Object, java.lang.Object, java.lang.Object, java.lang.Object, java.lang.Object, java.lang.Object, java.lang.Object, java.lang.Object, java.lang.Object, java.lang.Object, java.lang.Object, java.lang.Obj
Event: 1.311 Thread 0x00000155e0e15910 Exception <a 'java/lang/NoSuchMethodError'{0x0000000716cf4638}: 'java.lang.Object java.lang.invoke.DirectMethodHandle$Holder.invokeStatic(java.lang.Object, java.lang.Object, java.lang.Object, java.lang.Object, java.lang.Object, java.lang.Object, java.lang.Object, java.lang.Object, java.lang.Object, java.lang.Object, java.lang.Object, java.lang.Object, java.lang.Object, java.lang.Object, java.lang.Object, java.lang.Object, java.lang.Object, java.lang.Object, java.lang.Object, java.lang.Object, java.lang.Obj
Event: 1.315 Thread 0x00000155e0e15910 Exception <a 'java/lang/NoSuchMethodError'{0x0000000716d18f18}: 'java.lang.Object java.lang.invoke.DirectMethodHandle$Holder.invokeSpecial(java.lang.Object, java.lang.Object, java.lang.Object, java.lang.Object, java.lang.Object, java.lang.Object, java.lang.Object, java.lang.Object, java.lang.Object, java.lang.Object, java.lang.Object, java.lang.Object, java.lang.Object, java.lang.Object, java.lang.Object, java.lang.Object, java.lang.Object, java.lang.Object, java.lang.Object, java.lang.Object, java.lang.Ob
Event: 1.317 Thread 0x00000155e0e15910 Exception <a 'java/lang/NoSuchMethodError'{0x0000000716d2ee10}: 'java.lang.Object java.lang.invoke.DirectMethodHandle$Holder.newInvokeSpecial(java.lang.Object, java.lang.Object, java.lang.Object, java.lang.Object, java.lang.Object, java.lang.Object, java.lang.Object, java.lang.Object, java.lang.Object, java.lang.Object, java.lang.Object, java.lang.Object, java.lang.Object, java.lang.Object, java.lang.Object, java.lang.Object, java.lang.Object, java.lang.Object, java.lang.Object, java.lang.Object, java.lang
Event: 1.317 Thread 0x00000155e0e15910 Exception <a 'java/lang/NoSuchMethodError'{0x0000000716d34fc8}: 'java.lang.Object java.lang.invoke.Invokers$Holder.linkToTargetMethod(java.lang.Object, java.lang.Object, java.lang.Object, java.lang.Object, java.lang.Object, java.lang.Object, java.lang.Object, java.lang.Object, java.lang.Object, java.lang.Object, java.lang.Object, java.lang.Object, java.lang.Object, java.lang.Object, java.lang.Object, java.lang.Object, java.lang.Object, java.lang.Object, java.lang.Object, java.lang.Object, java.lang.Object,
Event: 1.318 Thread 0x00000155e0e15910 Exception <a 'java/lang/NoSuchMethodError'{0x0000000716d3a338}: 'java.lang.Object java.lang.invoke.DirectMethodHandle$Holder.invokeVirtual(java.lang.Object, java.lang.Object, java.lang.Object, java.lang.Object, java.lang.Object, java.lang.Object, java.lang.Object, java.lang.Object, java.lang.Object, java.lang.Object)'> (0x0000000716d3a338) 
thrown [s\src\hotspot\share\interpreter\linkResolver.cpp, line 784]
Event: 1.342 Thread 0x00000155e0e15910 Exception <a 'java/lang/NoSuchMethodError'{0x0000000719c2fdf8}: 'java.lang.Object java.lang.invoke.DirectMethodHandle$Holder.invokeVirtual(java.lang.Object, java.lang.Object, java.lang.Object, java.lang.Object, java.lang.Object, java.lang.Object, java.lang.Object, java.lang.Object, java.lang.Object)'> (0x0000000719c2fdf8) 
thrown [s\src\hotspot\share\interpreter\linkResolver.cpp, line 784]
Event: 1.360 Thread 0x00000155e0e15910 Exception <a 'java/lang/NoSuchMethodError'{0x0000000719da6e08}: 'java.lang.Object java.lang.invoke.DirectMethodHandle$Holder.invokeVirtual(java.lang.Object, java.lang.Object, java.lang.Object, java.lang.Object, java.lang.Object, java.lang.Object, java.lang.Object, java.lang.Object)'> (0x0000000719da6e08) 
thrown [s\src\hotspot\share\interpreter\linkResolver.cpp, line 784]
Event: 1.394 Thread 0x00000155e0e15910 Exception <a 'java/lang/NoSuchMethodError'{0x0000000719a8ab80}: 'java.lang.Object java.lang.invoke.DirectMethodHandle$Holder.invokeStaticInit(java.lang.Object, java.lang.Object, int, int, int, int)'> (0x0000000719a8ab80) 
thrown [s\src\hotspot\share\interpreter\linkResolver.cpp, line 784]
Event: 1.400 Thread 0x00000155e0e15910 Exception <a 'sun/nio/fs/WindowsException'{0x0000000719ab2fb8}> (0x0000000719ab2fb8) 
thrown [s\src\hotspot\share\prims\jni.cpp, line 537]
Event: 1.414 Thread 0x00000155e0e15910 Exception <a 'sun/nio/fs/WindowsException'{0x0000000719bbced8}> (0x0000000719bbced8) 
thrown [s\src\hotspot\share\prims\jni.cpp, line 537]
Event: 1.414 Thread 0x00000155e0e15910 Implicit null exception at 0x00000155ebb4d6a4 to 0x00000155ebb4dd08

ZGC Phase Switch (0 events):
No events

VM Operations (20 events):
Event: 0.952 Executing non-safepoint VM operation: HandshakeAllThreads (Deoptimize)
Event: 0.952 Executing non-safepoint VM operation: HandshakeAllThreads (Deoptimize) done
Event: 1.015 Executing non-safepoint VM operation: HandshakeAllThreads (Deoptimize)
Event: 1.015 Executing non-safepoint VM operation: HandshakeAllThreads (Deoptimize) done
Event: 1.075 Executing non-safepoint VM operation: HandshakeAllThreads (Deoptimize)
Event: 1.076 Executing non-safepoint VM operation: HandshakeAllThreads (Deoptimize) done
Event: 1.107 Executing non-safepoint VM operation: HandshakeAllThreads (Deoptimize)
Event: 1.107 Executing non-safepoint VM operation: HandshakeAllThreads (Deoptimize) done
Event: 1.333 Executing safepoint VM operation: G1CollectForAllocation (G1 Evacuation Pause)
Event: 1.338 Executing safepoint VM operation: G1CollectForAllocation (G1 Evacuation Pause) done
Event: 1.382 Executing non-safepoint VM operation: HandshakeAllThreads (Deoptimize)
Event: 1.382 Executing non-safepoint VM operation: HandshakeAllThreads (Deoptimize) done
Event: 1.442 Executing non-safepoint VM operation: HandshakeAllThreads (Deoptimize)
Event: 1.442 Executing non-safepoint VM operation: HandshakeAllThreads (Deoptimize) done
Event: 2.449 Executing safepoint VM operation: Cleanup
Event: 2.450 Executing safepoint VM operation: Cleanup done
Event: 3.463 Executing safepoint VM operation: Cleanup
Event: 3.463 Executing safepoint VM operation: Cleanup done
Event: 5.487 Executing safepoint VM operation: Cleanup
Event: 5.487 Executing safepoint VM operation: Cleanup done

Memory protections (0 events):
No events

Nmethod flushes (0 events):
No events

Events (20 events):
Event: 0.110 Thread 0x00000155e0e15910 Thread added: 0x0000015584256d80
Event: 0.123 Loaded shared library C:\Program Files\Android\Android Studio\jbr\bin\net.dll
Event: 0.127 Loaded shared library C:\Program Files\Android\Android Studio\jbr\bin\nio.dll
Event: 0.136 Loaded shared library C:\Program Files\Android\Android Studio\jbr\bin\zip.dll
Event: 0.218 Loaded shared library C:\Program Files\Android\Android Studio\jbr\bin\jimage.dll
Event: 0.336 Thread 0x00000155840c26e0 Thread added: 0x0000015584630e00
Event: 0.473 Thread 0x00000155840c00c0 Thread added: 0x00000155849ab950
Event: 0.487 Thread 0x00000155841f68d0 Thread added: 0x000001558480be00
Event: 0.725 Thread 0x00000155841f68d0 Thread added: 0x0000015585106390
Event: 0.876 Thread 0x00000155840c26e0 Thread added: 0x0000015584ddd6c0
Event: 0.928 Loaded shared library C:\Program Files\Android\Android Studio\jbr\bin\management.dll
Event: 0.932 Loaded shared library C:\Program Files\Android\Android Studio\jbr\bin\management_ext.dll
Event: 1.001 Loaded shared library C:\Users\helga\.gradle\native\1def1411415f61bf3af743bc5b6707747c0891f09f0c88961ee8f79bc544acac\windows-amd64\native-platform.dll
Event: 1.042 Thread 0x00000155e0e15910 Thread added: 0x00000155854a5230
Event: 1.218 Loaded shared library C:\Program Files\Android\Android Studio\jbr\bin\extnet.dll
Event: 1.646 Thread 0x000001558480be00 Thread exited: 0x000001558480be00
Event: 1.646 Thread 0x00000155849ab950 Thread exited: 0x00000155849ab950
Event: 1.646 Thread 0x0000015584630e00 Thread exited: 0x0000015584630e00
Event: 8.342 Thread 0x0000015584ddd6c0 Thread exited: 0x0000015584ddd6c0
Event: 9.551 Thread 0x0000015585106390 Thread exited: 0x0000015585106390


Dynamic libraries:
0x00007ff617840000 - 0x00007ff61784a000 	C:\Program Files\Android\Android Studio\jbr\bin\java.exe
0x00007ff8e3ee0000 - 0x00007ff8e4146000 	C:\WINDOWS\SYSTEM32\ntdll.dll
0x00007ff8e2bd0000 - 0x00007ff8e2c99000 	C:\WINDOWS\System32\KERNEL32.DLL
0x00007ff8e1530000 - 0x00007ff8e192e000 	C:\WINDOWS\System32\KERNELBASE.dll
0x00007ff8e19f0000 - 0x00007ff8e1b3c000 	C:\WINDOWS\System32\ucrtbase.dll
0x00007ff8bfe40000 - 0x00007ff8bfe5b000 	C:\Program Files\Android\Android Studio\jbr\bin\VCRUNTIME140.dll
0x00007ff8b3ec0000 - 0x00007ff8b3ed8000 	C:\Program Files\Android\Android Studio\jbr\bin\jli.dll
0x00007ff8e29d0000 - 0x00007ff8e2b97000 	C:\WINDOWS\System32\USER32.dll
0x00007ff8cd1b0000 - 0x00007ff8cd442000 	C:\WINDOWS\WinSxS\amd64_microsoft.windows.common-controls_6595b64144ccf1df_6.0.26100.8875_none_3e0d5d42e32fe9dd\COMCTL32.dll
0x00007ff8e1250000 - 0x00007ff8e1277000 	C:\WINDOWS\System32\win32u.dll
0x00007ff8e3ce0000 - 0x00007ff8e3d0b000 	C:\WINDOWS\System32\GDI32.dll
0x00007ff8e34c0000 - 0x00007ff8e3569000 	C:\WINDOWS\System32\msvcrt.dll
0x00007ff8e1400000 - 0x00007ff8e152a000 	C:\WINDOWS\System32\gdi32full.dll
0x00007ff8e1940000 - 0x00007ff8e19e3000 	C:\WINDOWS\System32\msvcp_win.dll
0x00007ff8e3e30000 - 0x00007ff8e3e62000 	C:\WINDOWS\System32\IMM32.DLL
0x00007ff8ddbd0000 - 0x00007ff8ddbdc000 	C:\Program Files\Android\Android Studio\jbr\bin\vcruntime140_1.dll
0x00007ff89fca0000 - 0x00007ff89fd2d000 	C:\Program Files\Android\Android Studio\jbr\bin\msvcp140.dll
0x00007ff821150000 - 0x00007ff821de6000 	C:\Program Files\Android\Android Studio\jbr\bin\server\jvm.dll
0x00007ff8e2530000 - 0x00007ff8e25e7000 	C:\WINDOWS\System32\ADVAPI32.dll
0x00007ff8e2380000 - 0x00007ff8e242a000 	C:\WINDOWS\System32\sechost.dll
0x00007ff8e28b0000 - 0x00007ff8e29c8000 	C:\WINDOWS\System32\RPCRT4.dll
0x00007ff8e2820000 - 0x00007ff8e28a0000 	C:\WINDOWS\System32\WS2_32.dll
0x00007ff8e0f50000 - 0x00007ff8e0fae000 	C:\WINDOWS\SYSTEM32\POWRPROF.dll
0x00007ff8d8330000 - 0x00007ff8d833b000 	C:\WINDOWS\SYSTEM32\VERSION.dll
0x00007ff8d4240000 - 0x00007ff8d4276000 	C:\WINDOWS\SYSTEM32\WINMM.dll
0x00007ff8e0f30000 - 0x00007ff8e0f44000 	C:\WINDOWS\SYSTEM32\UMPDC.dll
0x00007ff8dfd70000 - 0x00007ff8dfd8b000 	C:\WINDOWS\SYSTEM32\kernel.appcore.dll
0x00007ff8dbe00000 - 0x00007ff8dbe0a000 	C:\Program Files\Android\Android Studio\jbr\bin\jimage.dll
0x00007ff8d6df0000 - 0x00007ff8d7032000 	C:\WINDOWS\SYSTEM32\DBGHELP.DLL
0x00007ff8e2ef0000 - 0x00007ff8e3273000 	C:\WINDOWS\System32\combase.dll
0x00007ff8e2e10000 - 0x00007ff8e2ee9000 	C:\WINDOWS\System32\OLEAUT32.dll
0x00007ff8d40f0000 - 0x00007ff8d412b000 	C:\WINDOWS\SYSTEM32\dbgcore.DLL
0x00007ff8e1280000 - 0x00007ff8e132c000 	C:\WINDOWS\System32\bcryptPrimitives.dll
0x00007ff8aa840000 - 0x00007ff8aa860000 	C:\Program Files\Android\Android Studio\jbr\bin\java.dll
0x00007ff8aa820000 - 0x00007ff8aa838000 	C:\Program Files\Android\Android Studio\jbr\bin\zip.dll
0x00007ff8e1be0000 - 0x00007ff8e2372000 	C:\WINDOWS\System32\SHELL32.dll
0x00007ff8deb50000 - 0x00007ff8df3e2000 	C:\WINDOWS\SYSTEM32\windows.storage.dll
0x00007ff8e2430000 - 0x00007ff8e2527000 	C:\WINDOWS\System32\SHCORE.dll
0x00007ff8e3d10000 - 0x00007ff8e3d77000 	C:\WINDOWS\System32\shlwapi.dll
0x00007ff8e0ff0000 - 0x00007ff8e1019000 	C:\WINDOWS\SYSTEM32\profapi.dll
0x00007ff8dbd20000 - 0x00007ff8dbd30000 	C:\Program Files\Android\Android Studio\jbr\bin\net.dll
0x00007ff8d94d0000 - 0x00007ff8d95f7000 	C:\WINDOWS\SYSTEM32\WINHTTP.dll
0x00007ff8e0300000 - 0x00007ff8e036c000 	C:\WINDOWS\system32\mswsock.dll
0x00007ff8a8460000 - 0x00007ff8a8476000 	C:\Program Files\Android\Android Studio\jbr\bin\nio.dll
0x00007ff8da9a0000 - 0x00007ff8da9b0000 	C:\Program Files\Android\Android Studio\jbr\bin\verify.dll
0x00007ff8d9a30000 - 0x00007ff8d9a39000 	C:\Program Files\Android\Android Studio\jbr\bin\management.dll
0x00007ff8d92b0000 - 0x00007ff8d92bb000 	C:\Program Files\Android\Android Studio\jbr\bin\management_ext.dll
0x00007ff8e3c70000 - 0x00007ff8e3c78000 	C:\WINDOWS\System32\PSAPI.DLL
0x00007ff8a68b0000 - 0x00007ff8a68d7000 	C:\Users\helga\.gradle\native\1def1411415f61bf3af743bc5b6707747c0891f09f0c88961ee8f79bc544acac\windows-amd64\native-platform.dll
0x00007ff8df720000 - 0x00007ff8df753000 	C:\WINDOWS\SYSTEM32\IPHLPAPI.DLL
0x00007ff8e26f0000 - 0x00007ff8e26fa000 	C:\WINDOWS\System32\NSI.dll
0x00007ff8d8da0000 - 0x00007ff8d8da9000 	C:\Program Files\Android\Android Studio\jbr\bin\extnet.dll
0x00007ff8e0730000 - 0x00007ff8e074b000 	C:\WINDOWS\SYSTEM32\CRYPTSP.dll
0x00007ff8dfcd0000 - 0x00007ff8dfd09000 	C:\WINDOWS\system32\rsaenh.dll
0x00007ff8e03c0000 - 0x00007ff8e03f2000 	C:\WINDOWS\SYSTEM32\USERENV.dll
0x00007ff8e0fc0000 - 0x00007ff8e0fea000 	C:\WINDOWS\SYSTEM32\bcrypt.dll
0x00007ff8e0570000 - 0x00007ff8e057c000 	C:\WINDOWS\SYSTEM32\CRYPTBASE.dll
0x00007ff89efd0000 - 0x00007ff89efd8000 	C:\WINDOWS\system32\wshunix.dll

JVMTI agents: none

dbghelp: loaded successfully - version: 4.0.5 - missing functions: none
symbol engine: initialized successfully - sym options: 0x614 - pdb path: .;C:\Program Files\Android\Android Studio\jbr\bin;C:\WINDOWS\SYSTEM32;C:\WINDOWS\WinSxS\amd64_microsoft.windows.common-controls_6595b64144ccf1df_6.0.26100.8875_none_3e0d5d42e32fe9dd;C:\Program Files\Android\Android Studio\jbr\bin\server;C:\Users\helga\.gradle\native\1def1411415f61bf3af743bc5b6707747c0891f09f0c88961ee8f79bc544acac\windows-amd64

VM Arguments:
jvm_args: -Dorg.gradle.appname=gradlew 
java_command: org.gradle.wrapper.GradleWrapperMain -q -Ptarget-platform=android-arm64 -Ptarget=F:\development\plontukrot\lib\main.dart -Pbase-application-name=android.app.Application -Pdart-defines=RkxVVFRFUl9WRVJTSU9OPTMuNDEuOQ==,RkxVVFRFUl9DSEFOTkVMPXN0YWJsZQ==,RkxVVFRFUl9HSVRfVVJMPWh0dHBzOi8vZ2l0aHViLmNvbS9mbHV0dGVyL2ZsdXR0ZXIuZ2l0,RkxVVFRFUl9GUkFNRVdPUktfUkVWSVNJT049MDBiMGM5MWYwNg==,RkxVVFRFUl9FTkdJTkVfUkVWSVNJT049NDJkM2Q3NWE1Ng==,RkxVVFRFUl9EQVJUX1ZFUlNJT049My4xMS41 -Pdart-obfuscation=false -Ptrack-widget-creation=true -Ptree-shake-icons=false -Pfilesystem-scheme=org-dartlang-root assembleDebug
java_class_path (initial): F:\development\plontukrot\android\\gradle\wrapper\gradle-wrapper.jar
Launcher Type: SUN_STANDARD

[Global flags]
     intx CICompilerCount                          = 12                                        {product} {ergonomic}
     uint ConcGCThreads                            = 3                                         {product} {ergonomic}
     uint G1ConcRefinementThreads                  = 13                                        {product} {ergonomic}
   size_t G1HeapRegionSize                         = 2097152                                   {product} {ergonomic}
    uintx GCDrainStackTargetSize                   = 64                                        {product} {ergonomic}
   size_t InitialHeapSize                          = 257949696                                 {product} {ergonomic}
   size_t MarkStackSize                            = 4194304                                   {product} {ergonomic}
   size_t MaxHeapSize                              = 4118806528                                {product} {ergonomic}
   size_t MaxNewSize                               = 2470445056                                {product} {ergonomic}
   size_t MinHeapDeltaBytes                        = 2097152                                   {product} {ergonomic}
   size_t MinHeapSize                              = 8388608                                   {product} {ergonomic}
    uintx NonNMethodCodeHeapSize                   = 7602480                                {pd product} {ergonomic}
    uintx NonProfiledCodeHeapSize                  = 122027880                              {pd product} {ergonomic}
    uintx ProfiledCodeHeapSize                     = 122027880                              {pd product} {ergonomic}
    uintx ReservedCodeCacheSize                    = 251658240                              {pd product} {ergonomic}
     bool SegmentedCodeCache                       = true                                      {product} {ergonomic}
   size_t SoftMaxHeapSize                          = 4118806528                             {manageable} {ergonomic}
     bool UseCompressedOops                        = true                           {product lp64_product} {ergonomic}
     bool UseG1GC                                  = true                                      {product} {ergonomic}
     bool UseLargePagesIndividualAllocation        = false                                  {pd product} {ergonomic}

Logging:
Log output configuration:
 #0: stdout all=warning uptime,level,tags foldmultilines=false
 #1: stderr all=off uptime,level,tags foldmultilines=false

Release file:
JAVA_VERSION="21.0.10" 
MODULES="java.base java.compiler java.datatransfer java.xml java.prefs java.desktop java.instrument java.logging java.management java.security.sasl java.naming java.rmi java.management.rmi java.net.http java.scripting java.security.jgss java.transaction.xa java.sql java.sql.rowset java.xml.crypto java.se java.smartcardio jdk.accessibility jdk.internal.jvmstat jdk.attach jdk.charsets jdk.internal.opt jdk.zipfs jdk.compiler jdk.crypto.ec jdk.crypto.cryptoki jdk.dynalink jdk.hotspot.agent jdk.httpserver jdk.internal.ed jdk.internal.le jdk.internal.vm.ci jdk.jartool jdk.javadoc jdk.jcmd jdk.jdeps jdk.jdwp.agent jdk.jdi jdk.jfr jdk.jlink jdk.jsobject jdk.localedata jdk.management jdk.management.agent jdk.management.jfr jdk.naming.dns jdk.naming.rmi jdk.net jdk.sctp jdk.security.auth jdk.security.jgss jdk.unsupported jdk.unsupported.desktop jdk.xml.dom" 
IMPLEMENTOR="JetBrains s.r.o." 
JAVA_RUNTIME_VERSION="21.0.10+-14961533-b1163.108" 
LIBC="default" 
OS_ARCH="x86_64" 
OS_NAME="Windows" 
SOURCE=".:git:1351622c2ff2" 

Environment Variables:
JAVA_HOME=C:\Program Files\Android\Android Studio\jbr
CLASSPATH=F:\development\plontukrot\android\\gradle\wrapper\gradle-wrapper.jar
PATH=C:\Program Files\Android\Android Studio\jbr\bin;C:\Users\helga\AppData\Roaming\npm;C:\Program Files\nodejs\;C:\Python314\Scripts\;C:\Python314\;C:\Python313\Scripts\;C:\Python313\;C:\WINDOWS\system32;C:\WINDOWS;C:\WINDOWS\System32\Wbem;C:\WINDOWS\System32\WindowsPowerShell\v1.0\;C:\WINDOWS\System32\OpenSSH\;C:\ProgramData\chocolatey\bin;C:\Program Files\Docker\Docker\resources\bin;C:\Program Files\dotnet\;C:\Program Files\NVIDIA Corporation\NVIDIA App\NvDLISR;C:\Program Files (x86)\NVIDIA Corporation\PhysX\Common;C:\Users\helga\AppData\Local\Microsoft\WindowsApps;C:\Users\helga\AppData\Local\Programs\Microsoft VS Code\bin;C:\Users\helga\AppData\Roaming\npm;C:\Users\helga\AppData\Local\GitHubDesktop\bin;C:\adb;C:\Program Files\PostgreSQL\18\bin;C:\Users\helga\develop\flutter\bin;C:\Program Files\Android\Android Studio\jbr\bin;C:\Users\helga\AppData\Local\Pub\Cache\bin;C:\Program Files\GitHub CLI\;C:\Program Files (x86)\Windows Kits\10\Windows Performance Toolkit\;C:\Program Files\Git\cmd;C:\Program Files\nodejs\;C:\Users\helga\AppData\Local\hermes\hermes-agent\venv\Scripts;C:\Users\helga\AppData\Local\hermes\bin;C:\Users\helga\AppData\Local\Microsoft\WindowsApps;C:\Users\helga\AppData\Local\Programs\Microsoft VS Code\bin;C:\Users\helga\AppData\Local\GitHubDesktop\bin;C:\Users\helga\AppData\Local\Google\Cloud SDK\google-cloud-sdk\bin;C:\Users\helga\AppData\Local\Programs\cursor\resources\app\bin;C:\Users\helga\AppData\Local\Microsoft\WinGet\Links;C:\Users\helga\AppData\Roaming\npm;C:\Users\helga\develop\flutter\bin\mingit\cmd
USERNAME=helga
OS=Windows_NT
PROCESSOR_IDENTIFIER=AMD64 Family 25 Model 80 Stepping 0, AuthenticAMD
TMP=C:\Users\helga\AppData\Local\Temp
TEMP=C:\Users\helga\AppData\Local\Temp




Periodic native trim disabled

JNI global refs:
JNI global refs: 28, weak refs: 0

JNI global refs memory usage: 835, weak refs: 201

Process memory usage:
Resident Set Size: 131584K (0% of 16088080K total physical memory with 578372K free physical memory)

OOME stack traces (most recent first):
Classloader memory used:
Loader bootstrap                                                                       : 13149K
Loader org.gradle.internal.classloader.VisitableURLClassLoader                         : 4421K
Loader java.net.URLClassLoader                                                         : 234K
Loader jdk.internal.loader.ClassLoaders$AppClassLoader                                 : 147K
Loader jdk.internal.loader.ClassLoaders$PlatformClassLoader                            : 110K

Classes loaded by more than one classloader:
Class org.gradle.cli.AbstractPropertiesCommandLineConverter                           : loaded 2 times (x 83B)
Class org.gradle.cli.CommandLineParser                                                : loaded 2 times (x 79B)
Class org.gradle.internal.service.UnknownServiceException                             : loaded 2 times (x 83B)
Class org.gradle.cli.SystemPropertiesCommandLineConverter                             : loaded 2 times (x 83B)
Class org.gradle.cli.CommandLineArgumentException                                     : loaded 2 times (x 82B)
Class org.gradle.cli.CommandLineParser$KnownOptionParserState                         : loaded 2 times (x 76B)
Class org.gradle.internal.InternalTransformer                                         : loaded 2 times (x 70B)
Class org.gradle.internal.classpath.DefaultClassPath$ImmutableUniqueList              : loaded 2 times (x 199B)
Class org.gradle.cli.CommandLineParser$OptionAwareParserState                         : loaded 2 times (x 77B)
Class org.gradle.cli.ParsedCommandLine                                                : loaded 2 times (x 80B)
Class org.gradle.internal.classpath.ClassPath                                         : loaded 2 times (x 70B)
Class org.gradle.cli.CommandLineParser$UnknownOptionParserState                       : loaded 2 times (x 76B)
Class org.gradle.cli.ParsedCommandLineOption                                          : loaded 2 times (x 76B)
Class org.gradle.api.UncheckedIOException                                             : loaded 2 times (x 82B)
Class org.gradle.cli.CommandLineParser$AfterFirstSubCommand                           : loaded 2 times (x 77B)
Class org.gradle.api.internal.classpath.ModuleRegistry                                : loaded 2 times (x 70B)
Class org.gradle.internal.installation.GradleInstallation$1                           : loaded 2 times (x 75B)
Class org.gradle.cli.CommandLineOption                                                : loaded 2 times (x 86B)
Class org.gradle.cli.CommandLineParser$BeforeFirstSubCommand                          : loaded 2 times (x 77B)
Class org.gradle.internal.service.ServiceLookupException                              : loaded 2 times (x 82B)
Class org.gradle.cli.CommandLineParser$OptionParserState                              : loaded 2 times (x 75B)
Class org.gradle.internal.classloader.ClasspathUtil                                   : loaded 2 times (x 71B)
Class org.gradle.api.specs.Spec                                                       : loaded 2 times (x 70B)
Class org.gradle.internal.classpath.DefaultClassPath                                  : loaded 2 times (x 90B)
Class org.gradle.internal.Cast                                                        : loaded 2 times (x 71B)
Class org.gradle.api.Action                                                           : loaded 2 times (x 70B)
Class org.gradle.cli.AbstractCommandLineConverter                                     : loaded 2 times (x 79B)
Class org.gradle.api.GradleException                                                  : loaded 2 times (x 82B)
Class org.gradle.internal.IoActions                                                   : loaded 2 times (x 71B)
Class org.gradle.cli.CommandLineConverter                                             : loaded 2 times (x 70B)
Class org.gradle.cli.CommandLineParser$MissingOptionArgState                          : loaded 2 times (x 77B)
Class org.gradle.cli.CommandLineParser$ParserState                                    : loaded 2 times (x 76B)
Class org.gradle.cli.CommandLineParser$OptionString                                   : loaded 2 times (x 73B)
Class org.gradle.internal.installation.CurrentGradleInstallationLocator               : loaded 2 times (x 71B)
Class org.gradle.internal.installation.CurrentGradleInstallation                      : loaded 2 times (x 73B)
Class org.gradle.util.internal.GUtil                                                  : loaded 2 times (x 71B)
Class org.gradle.cli.CommandLineParser$AfterOptions                                   : loaded 2 times (x 77B)
Class org.gradle.internal.installation.GradleInstallation                             : loaded 2 times (x 75B)

---------------  S Y S T E M  ---------------

OS:
 Windows 11 , 64 bit Build 26100 (10.0.26100.8875)
OS uptime: 0 days 3:31 hours
Hyper-V role detected

CPU: total 16 (initial active 16) (16 cores per cpu, 2 threads per core) family 25 model 80 stepping 0 microcode 0xa50000f, cx8, cmov, fxsr, ht, mmx, 3dnowpref, sse, sse2, sse3, ssse3, sse4a, sse4.1, sse4.2, popcnt, lzcnt, tsc, tscinvbit, avx, avx2, aes, erms, clmul, bmi1, bmi2, adx, sha, fma, vzeroupper, clflush, clflushopt, hv, rdtscp, rdpid, fsrm, f16c, cet_ss
Processor Information for processor 0
  Max Mhz: 3201, Current Mhz: 3201, Mhz Limit: 3201
Processor Information for processor 1
  Max Mhz: 3201, Current Mhz: 1990, Mhz Limit: 3201
Processor Information for processor 2
  Max Mhz: 3201, Current Mhz: 3201, Mhz Limit: 3201
Processor Information for processor 3
  Max Mhz: 3201, Current Mhz: 1990, Mhz Limit: 3201
Processor Information for processor 4
  Max Mhz: 3201, Current Mhz: 1990, Mhz Limit: 3201
Processor Information for processor 5
  Max Mhz: 3201, Current Mhz: 3201, Mhz Limit: 3201
Processor Information for processor 6
  Max Mhz: 3201, Current Mhz: 3201, Mhz Limit: 3201
Processor Information for processor 7
  Max Mhz: 3201, Current Mhz: 3201, Mhz Limit: 3201
Processor Information for processor 8
  Max Mhz: 3201, Current Mhz: 3201, Mhz Limit: 3201
Processor Information for processor 9
  Max Mhz: 3201, Current Mhz: 1990, Mhz Limit: 3201
Processor Information for processor 10
  Max Mhz: 3201, Current Mhz: 3201, Mhz Limit: 3201
Processor Information for processor 11
  Max Mhz: 3201, Current Mhz: 1990, Mhz Limit: 3201
Processor Information for processor 12
  Max Mhz: 3201, Current Mhz: 3201, Mhz Limit: 3201
Processor Information for processor 13
  Max Mhz: 3201, Current Mhz: 3201, Mhz Limit: 3201
Processor Information for processor 14
  Max Mhz: 3201, Current Mhz: 3201, Mhz Limit: 3201
Processor Information for processor 15
  Max Mhz: 3201, Current Mhz: 1990, Mhz Limit: 3201

Memory: 4k page, system-wide physical 15711M (564M free)
TotalPageFile size 22625M (AvailPageFile size 5M)
current process WorkingSet (physical memory assigned to process): 128M, peak: 137M
current process commit charge ("private bytes"): 365M, peak: 374M

vm_info: OpenJDK 64-Bit Server VM (21.0.10+-14961533-b1163.108) for windows-amd64 JRE (21.0.10+-14961533-b1163.108), built on 2026-03-02T19:58:50Z by "builder" with MS VC++ 16.10 / 16.11 (VS2019)

END.
